Component: ARM Compiler 5.06 update 7 (build 960) Tool: armlink [4d3601]

==============================================================================

Section Cross References

    main.o(i.Gps_Msg_Show) refers to printfa.o(i.__0sprintf) for __2sprintf
    main.o(i.Gps_Msg_Show) refers to strcpy.o(.text) for strcpy
    main.o(i.Gps_Msg_Show) refers to lcd.o(i.LCD_Wmessage) for LCD_Wmessage
    main.o(i.Gps_Msg_Show) refers to ffltui.o(.text) for __aeabi_ui2f
    main.o(i.Gps_Msg_Show) refers to fdiv.o(.text) for __aeabi_fdiv
    main.o(i.Gps_Msg_Show) refers to f2d.o(.text) for __aeabi_f2d
    main.o(i.Gps_Msg_Show) refers to main.o(.bss) for gpsx
    main.o(i.USART1_IRQHandler) refers to memcpya.o(.text) for __aeabi_memcpy4
    main.o(i.USART1_IRQHandler) refers to stm32f10x_usart.o(i.USART_GetITStatus) for USART_GetITStatus
    main.o(i.USART1_IRQHandler) refers to stm32f10x_usart.o(i.USART_ReceiveData) for USART_ReceiveData
    main.o(i.USART1_IRQHandler) refers to lcd.o(i.LCD_Wmessage) for LCD_Wmessage
    main.o(i.main) refers to segger_rtt.o(i.SEGGER_RTT_Init) for SEGGER_RTT_Init
    main.o(i.main) refers to usart.o(i.Init_Usart) for Init_Usart
    main.o(i.main) refers to led.o(i.LED_Init) for LED_Init
    main.o(i.main) refers to usart3.o(i.USART3_Init) for USART3_Init
    main.o(i.main) refers to delay.o(i.delay_init) for delay_init
    main.o(i.main) refers to misc.o(i.NVIC_PriorityGroupConfig) for NVIC_PriorityGroupConfig
    main.o(i.main) refers to lcd.o(i.LCD_IO_Init) for LCD_IO_Init
    main.o(i.main) refers to lcd.o(i.LCD_Init) for LCD_Init
    main.o(i.main) refers to segger_rtt_printf.o(i.SEGGER_RTT_printf) for SEGGER_RTT_printf
    main.o(i.main) refers to delay.o(i.delay_ms) for delay_ms
    main.o(i.main) refers to nmea.o(i.GPS_Analysis) for GPS_Analysis
    main.o(i.main) refers to main.o(i.Gps_Msg_Show) for Gps_Msg_Show
    main.o(i.main) refers to printfa.o(i.__0printf) for __2printf
    main.o(i.main) refers to usmart_config.o(.data) for usmart_dev
    main.o(i.main) refers to main.o(.data) for GNSS_STATE
    main.o(i.main) refers to usart3.o(.data) for USART3_RX_STA
    main.o(i.main) refers to usart3.o(.bss) for USART3_RX_BUF
    main.o(i.main) refers to main.o(.bss) for USART1_TX_BUF
    main.o(.data) refers to main.o(.conststring) for .conststring
    system_stm32f10x.o(i.SetSysClock) refers to system_stm32f10x.o(i.SetSysClockTo72) for SetSysClockTo72
    system_stm32f10x.o(i.SystemCoreClockUpdate) refers to system_stm32f10x.o(.data) for SystemCoreClock
    system_stm32f10x.o(i.SystemInit) refers to system_stm32f10x.o(i.SetSysClock) for SetSysClock
    lcd.o(i.CheckBusy) refers to delay.o(i.delay_ms) for delay_ms
    lcd.o(i.CheckBusy) refers to stm32f10x_gpio.o(i.GPIO_ReadInputDataBit) for GPIO_ReadInputDataBit
    lcd.o(i.LCD_IO_Init) refers to stm32f10x_rcc.o(i.RCC_APB2PeriphClockCmd) for RCC_APB2PeriphClockCmd
    lcd.o(i.LCD_IO_Init) refers to stm32f10x_gpio.o(i.GPIO_Init) for GPIO_Init
    lcd.o(i.LCD_Init) refers to lcd.o(i.LCD_wcmd) for LCD_wcmd
    lcd.o(i.LCD_Init) refers to delay.o(i.delay_ms) for delay_ms
    lcd.o(i.LCD_Wmessage) refers to lcd.o(i.LCD_wcmd) for LCD_wcmd
    lcd.o(i.LCD_Wmessage) refers to lcd.o(i.LCD_wdat) for LCD_wdat
    lcd.o(i.LCD_wcmd) refers to lcd.o(i.CheckBusy) for CheckBusy
    lcd.o(i.LCD_wcmd) refers to delay.o(i.delay_ms) for delay_ms
    lcd.o(i.LCD_wcmd) refers to stm32f10x_gpio.o(i.GPIO_Write) for GPIO_Write
    lcd.o(i.LCD_wcmd) refers to lcd.o(.data) for temp
    lcd.o(i.LCD_wdat) refers to lcd.o(i.CheckBusy) for CheckBusy
    lcd.o(i.LCD_wdat) refers to delay.o(i.delay_ms) for delay_ms
    lcd.o(i.LCD_wdat) refers to stm32f10x_gpio.o(i.GPIO_Write) for GPIO_Write
    lcd.o(i.LCD_wdat) refers to lcd.o(.data) for temp
    nmea.o(i.GPS_Analysis) refers to nmea.o(i.NMEA_BDRMC_Analysis) for NMEA_BDRMC_Analysis
    nmea.o(i.NMEA_BDGSV_Analysis) refers to strstr.o(.text) for strstr
    nmea.o(i.NMEA_BDGSV_Analysis) refers to nmea.o(i.NMEA_Comma_Pos) for NMEA_Comma_Pos
    nmea.o(i.NMEA_BDGSV_Analysis) refers to nmea.o(i.NMEA_Str2num) for NMEA_Str2num
    nmea.o(i.NMEA_BDRMC_Analysis) refers to strstr.o(.text) for strstr
    nmea.o(i.NMEA_BDRMC_Analysis) refers to nmea.o(i.NMEA_Comma_Pos) for NMEA_Comma_Pos
    nmea.o(i.NMEA_BDRMC_Analysis) refers to nmea.o(i.NMEA_Str2num) for NMEA_Str2num
    nmea.o(i.NMEA_BDRMC_Analysis) refers to nmea.o(i.NMEA_Pow) for NMEA_Pow
    nmea.o(i.NMEA_BDRMC_Analysis) refers to ffltui.o(.text) for __aeabi_ui2f
    nmea.o(i.NMEA_BDRMC_Analysis) refers to fmul.o(.text) for __aeabi_fmul
    nmea.o(i.NMEA_BDRMC_Analysis) refers to fdiv.o(.text) for __aeabi_fdiv
    nmea.o(i.NMEA_BDRMC_Analysis) refers to fadd.o(.text) for __aeabi_fadd
    nmea.o(i.NMEA_BDRMC_Analysis) refers to ffixui.o(.text) for __aeabi_f2uiz
    nmea.o(i.NMEA_GNGGA_Analysis) refers to strstr.o(.text) for strstr
    nmea.o(i.NMEA_GNGGA_Analysis) refers to nmea.o(i.NMEA_Comma_Pos) for NMEA_Comma_Pos
[...]
    Removing stm32f10x_sdio.o(i.SDIO_StartSDIOReadWait), (12 bytes).
    Removing stm32f10x_sdio.o(i.SDIO_StopSDIOReadWait), (12 bytes).
    Removing stm32f10x_sdio.o(i.SDIO_StructInit), (16 bytes).
    Removing stm32f10x_sdio.o(i.SDIO_WriteData), (12 bytes).
    Removing stm32f10x_spi.o(i.I2S_Cmd), (24 bytes).
    Removing stm32f10x_spi.o(i.I2S_Init), (232 bytes).
    Removing stm32f10x_spi.o(i.I2S_StructInit), (20 bytes).
    Removing stm32f10x_spi.o(i.SPI_BiDirectionalLineConfig), (28 bytes).
    Removing stm32f10x_spi.o(i.SPI_CalculateCRC), (24 bytes).
    Removing stm32f10x_spi.o(i.SPI_Cmd), (24 bytes).
    Removing stm32f10x_spi.o(i.SPI_DataSizeConfig), (18 bytes).
    Removing stm32f10x_spi.o(i.SPI_GetCRC), (16 bytes).
    Removing stm32f10x_spi.o(i.SPI_GetCRCPolynomial), (6 bytes).
    Removing stm32f10x_spi.o(i.SPI_I2S_ClearFlag), (6 bytes).
    Removing stm32f10x_spi.o(i.SPI_I2S_ClearITPendingBit), (20 bytes).
    Removing stm32f10x_spi.o(i.SPI_I2S_DMACmd), (18 bytes).
    Removing stm32f10x_spi.o(i.SPI_I2S_DeInit), (88 bytes).
    Removing stm32f10x_spi.o(i.SPI_I2S_GetFlagStatus), (18 bytes).
    Removing stm32f10x_spi.o(i.SPI_I2S_GetITStatus), (52 bytes).
    Removing stm32f10x_spi.o(i.SPI_I2S_ITConfig), (32 bytes).
    Removing stm32f10x_spi.o(i.SPI_I2S_ReceiveData), (6 bytes).
    Removing stm32f10x_spi.o(i.SPI_I2S_SendData), (4 bytes).
    Removing stm32f10x_spi.o(i.SPI_Init), (60 bytes).
    Removing stm32f10x_spi.o(i.SPI_NSSInternalSoftwareConfig), (30 bytes).
    Removing stm32f10x_spi.o(i.SPI_SSOutputCmd), (24 bytes).
    Removing stm32f10x_spi.o(i.SPI_StructInit), (24 bytes).
    Removing stm32f10x_spi.o(i.SPI_TransmitCRC), (10 bytes).
    Removing stm32f10x_tim.o(i.TI1_Config), (128 bytes).
    Removing stm32f10x_tim.o(i.TI2_Config), (152 bytes).
    Removing stm32f10x_tim.o(i.TI3_Config), (144 bytes).
    Removing stm32f10x_tim.o(i.TI4_Config), (152 bytes).
    Removing stm32f10x_tim.o(i.TIM_ARRPreloadConfig), (24 bytes).
    Removing stm32f10x_tim.o(i.TIM_BDTRConfig), (32 bytes).
    Removing stm32f10x_tim.o(i.TIM_BDTRStructInit), (18 bytes).
    Removing stm32f10x_tim.o(i.TIM_CCPreloadControl), (24 bytes).
    Removing stm32f10x_tim.o(i.TIM_CCxCmd), (30 bytes).
    Removing stm32f10x_tim.o(i.TIM_CCxNCmd), (30 bytes).
    Removing stm32f10x_tim.o(i.TIM_ClearFlag), (6 bytes).
    Removing stm32f10x_tim.o(i.TIM_ClearOC1Ref), (18 bytes).
    Removing stm32f10x_tim.o(i.TIM_ClearOC2Ref), (24 bytes).
    Removing stm32f10x_tim.o(i.TIM_ClearOC3Ref), (18 bytes).
    Removing stm32f10x_tim.o(i.TIM_ClearOC4Ref), (24 bytes).
    Removing stm32f10x_tim.o(i.TIM_CounterModeConfig), (18 bytes).
    Removing stm32f10x_tim.o(i.TIM_CtrlPWMOutputs), (30 bytes).
    Removing stm32f10x_tim.o(i.TIM_DMACmd), (18 bytes).
    Removing stm32f10x_tim.o(i.TIM_DMAConfig), (10 bytes).
    Removing stm32f10x_tim.o(i.TIM_DeInit), (488 bytes).
    Removing stm32f10x_tim.o(i.TIM_ETRClockMode1Config), (54 bytes).
    Removing stm32f10x_tim.o(i.TIM_ETRClockMode2Config), (32 bytes).
    Removing stm32f10x_tim.o(i.TIM_ETRConfig), (28 bytes).
    Removing stm32f10x_tim.o(i.TIM_EncoderInterfaceConfig), (66 bytes).
    Removing stm32f10x_tim.o(i.TIM_ForcedOC1Config), (18 bytes).
    Removing stm32f10x_tim.o(i.TIM_ForcedOC2Config), (26 bytes).
    Removing stm32f10x_tim.o(i.TIM_ForcedOC3Config), (18 bytes).
    Removing stm32f10x_tim.o(i.TIM_ForcedOC4Config), (26 bytes).
    Removing stm32f10x_tim.o(i.TIM_GenerateEvent), (4 bytes).
    Removing stm32f10x_tim.o(i.TIM_GetCapture1), (6 bytes).
    Removing stm32f10x_tim.o(i.TIM_GetCapture2), (6 bytes).
    Removing stm32f10x_tim.o(i.TIM_GetCapture3), (6 bytes).
    Removing stm32f10x_tim.o(i.TIM_GetCapture4), (8 bytes).
    Removing stm32f10x_tim.o(i.TIM_GetCounter), (6 bytes).
    Removing stm32f10x_tim.o(i.TIM_GetFlagStatus), (18 bytes).
    Removing stm32f10x_tim.o(i.TIM_GetPrescaler), (6 bytes).
    Removing stm32f10x_tim.o(i.TIM_ICInit), (172 bytes).
    Removing stm32f10x_tim.o(i.TIM_ICStructInit), (18 bytes).
    Removing stm32f10x_tim.o(i.TIM_ITRxExternalClockConfig), (24 bytes).
    Removing stm32f10x_tim.o(i.TIM_InternalClockConfig), (12 bytes).
    Removing stm32f10x_tim.o(i.TIM_OC1FastConfig), (18 bytes).
    Removing stm32f10x_tim.o(i.TIM_OC1Init), (152 bytes).
    Removing stm32f10x_tim.o(i.TIM_OC1NPolarityConfig), (18 bytes).
    Removing stm32f10x_tim.o(i.TIM_OC1PolarityConfig), (18 bytes).
    Removing stm32f10x_tim.o(i.TIM_OC1PreloadConfig), (18 bytes).
    Removing stm32f10x_tim.o(i.TIM_OC2FastConfig), (26 bytes).
    Removing stm32f10x_tim.o(i.TIM_OC2Init), (164 bytes).
    Removing stm32f10x_tim.o(i.TIM_OC2NPolarityConfig), (26 bytes).
    Removing stm32f10x_tim.o(i.TIM_OC2PolarityConfig), (26 bytes).
    Removing stm32f10x_tim.o(i.TIM_OC2PreloadConfig), (26 bytes).
    Removing stm32f10x_tim.o(i.TIM_OC3FastConfig), (18 bytes).
    Removing stm32f10x_tim.o(i.TIM_OC3Init), (160 bytes).
    Removing stm32f10x_tim.o(i.TIM_OC3NPolarityConfig), (26 bytes).
    Removing stm32f10x_tim.o(i.TIM_OC3PolarityConfig), (26 bytes).
    Removing stm32f10x_tim.o(i.TIM_OC3PreloadConfig), (18 bytes).
    Removing stm32f10x_tim.o(i.TIM_OC4FastConfig), (26 bytes).
    Removing stm32f10x_tim.o(i.TIM_OC4Init), (124 bytes).
    Removing stm32f10x_tim.o(i.TIM_OC4PolarityConfig), (26 bytes).
    Removing stm32f10x_tim.o(i.TIM_OC4PreloadConfig), (26 bytes).
    Removing stm32f10x_tim.o(i.TIM_OCStructInit), (20 bytes).
    Removing stm32f10x_tim.o(i.TIM_PWMIConfig), (124 bytes).
    Removing stm32f10x_tim.o(i.TIM_PrescalerConfig), (6 bytes).
    Removing stm32f10x_tim.o(i.TIM_SelectCCDMA), (24 bytes).
    Removing stm32f10x_tim.o(i.TIM_SelectCOM), (24 bytes).
    Removing stm32f10x_tim.o(i.TIM_SelectHallSensor), (24 bytes).
    Removing stm32f10x_tim.o(i.TIM_SelectInputTrigger), (18 bytes).
    Removing stm32f10x_tim.o(i.TIM_SelectMasterSlaveMode), (18 bytes).
    Removing stm32f10x_tim.o(i.TIM_SelectOCxM), (82 bytes).
    Removing stm32f10x_tim.o(i.TIM_SelectOnePulseMode), (18 bytes).
    Removing stm32f10x_tim.o(i.TIM_SelectOutputTrigger), (18 bytes).
    Removing stm32f10x_tim.o(i.TIM_SelectSlaveMode), (18 bytes).
    Removing stm32f10x_tim.o(i.TIM_SetAutoreload), (4 bytes).
    Removing stm32f10x_tim.o(i.TIM_SetClockDivision), (18 bytes).
    Removing stm32f10x_tim.o(i.TIM_SetCompare1), (4 bytes).
    Removing stm32f10x_tim.o(i.TIM_SetCompare2), (4 bytes).
    Removing stm32f10x_tim.o(i.TIM_SetCompare3), (4 bytes).
    Removing stm32f10x_tim.o(i.TIM_SetCompare4), (6 bytes).
    Removing stm32f10x_tim.o(i.TIM_SetIC1Prescaler), (18 bytes).
    Removing stm32f10x_tim.o(i.TIM_SetIC2Prescaler), (26 bytes).
    Removing stm32f10x_tim.o(i.TIM_SetIC3Prescaler), (18 bytes).
    Removing stm32f10x_tim.o(i.TIM_SetIC4Prescaler), (26 bytes).
    Removing stm32f10x_tim.o(i.TIM_TIxExternalClockConfig), (62 bytes).
    Removing stm32f10x_tim.o(i.TIM_TimeBaseStructInit), (18 bytes).
    Removing stm32f10x_tim.o(i.TIM_UpdateDisableConfig), (24 bytes).
    Removing stm32f10x_tim.o(i.TIM_UpdateRequestConfig), (24 bytes).
    Removing stm32f10x_wwdg.o(i.WWDG_ClearFlag), (12 bytes).
    Removing stm32f10x_wwdg.o(i.WWDG_DeInit), (22 bytes).
    Removing stm32f10x_wwdg.o(i.WWDG_Enable), (16 bytes).
    Removing stm32f10x_wwdg.o(i.WWDG_EnableIT), (12 bytes).
    Removing stm32f10x_wwdg.o(i.WWDG_GetFlagStatus), (12 bytes).
    Removing stm32f10x_wwdg.o(i.WWDG_SetCounter), (16 bytes).
    Removing stm32f10x_wwdg.o(i.WWDG_SetPrescaler), (24 bytes).
    Removing stm32f10x_wwdg.o(i.WWDG_SetWindowValue), (40 bytes).

494 unused section(s) (total 22159 bytes) removed from the image.

==============================================================================

Image Symbol Table

    Local Symbols

    Symbol Name                              Value     Ov Type        Size  Object(Section)

    ../clib/../cmprslib/zerorunl2.c          0x00000000   Number         0  __dczerorl2.o ABSOLUTE
    ../clib/microlib/division.c              0x00000000   Number         0  uidiv.o ABSOLUTE
    ../clib/microlib/division.c              0x00000000   Number         0  uldiv.o ABSOLUTE
    ../clib/microlib/init/entry.s            0x00000000   Number         0  entry5.o ABSOLUTE
    ../clib/microlib/init/entry.s            0x00000000   Number         0  entry9a.o ABSOLUTE
    ../clib/microlib/init/entry.s            0x00000000   Number         0  entry8b.o ABSOLUTE
    ../clib/microlib/init/entry.s            0x00000000   Number         0  entry8a.o ABSOLUTE
    ../clib/microlib/init/entry.s            0x00000000   Number         0  entry2.o ABSOLUTE
    ../clib/microlib/init/entry.s            0x00000000   Number         0  entry.o ABSOLUTE
    ../clib/microlib/init/entry.s            0x00000000   Number         0  entry10b.o ABSOLUTE
    ../clib/microlib/init/entry.s            0x00000000   Number         0  entry11b.o ABSOLUTE
    ../clib/microlib/init/entry.s            0x00000000   Number         0  entry7b.o ABSOLUTE
    ../clib/microlib/init/entry.s            0x00000000   Number         0  entry7a.o ABSOLUTE
    ../clib/microlib/init/entry.s            0x00000000   Number         0  entry9b.o ABSOLUTE
    ../clib/microlib/init/entry.s            0x00000000   Number         0  entry10a.o ABSOLUTE
    ../clib/microlib/init/entry.s            0x00000000   Number         0  entry11a.o ABSOLUTE
    ../clib/microlib/init/entry.s            0x00000000   Number         0  entry12a.o ABSOLUTE
    ../clib/microlib/init/entry.s            0x00000000   Number         0  entry12b.o ABSOLUTE
    ../clib/microlib/longlong.c              0x00000000   Number         0  llsshr.o ABSOLUTE
    ../clib/microlib/longlong.c              0x00000000   Number         0  llshl.o ABSOLUTE
    ../clib/microlib/longlong.c              0x00000000   Number         0  llushr.o ABSOLUTE
    ../clib/microlib/printf/printf.c         0x00000000   Number         0  printf1.o ABSOLUTE
    ../clib/microlib/printf/printf.c         0x00000000   Number         0  printf8.o ABSOLUTE
    ../clib/microlib/printf/printf.c         0x00000000   Number         0  printfa.o ABSOLUTE
    ../clib/microlib/printf/printf.c         0x00000000   Number         0  printf7.o ABSOLUTE
    ../clib/microlib/printf/printf.c         0x00000000   Number         0  printf6.o ABSOLUTE
    ../clib/microlib/printf/printf.c         0x00000000   Number         0  printf5.o ABSOLUTE
    ../clib/microlib/printf/printf.c         0x00000000   Number         0  printfb.o ABSOLUTE
    ../clib/microlib/printf/printf.c         0x00000000   Number         0  printf4.o ABSOLUTE
    ../clib/microlib/printf/printf.c         0x00000000   Number         0  printf3.o ABSOLUTE
    ../clib/microlib/printf/printf.c         0x00000000   Number         0  printf0.o ABSOLUTE
    ../clib/microlib/printf/printf.c         0x00000000   Number         0  printf2.o ABSOLUTE
    ../clib/microlib/printf/stubs.s          0x00000000   Number         0  stubs.o ABSOLUTE
    ../clib/microlib/string/memcpy.c         0x00000000   Number         0  memcpyb.o ABSOLUTE
    ../clib/microlib/string/memcpy.c         0x00000000   Number         0  memcpya.o ABSOLUTE
    ../clib/microlib/string/memset.c         0x00000000   Number         0  memseta.o ABSOLUTE
    ../clib/microlib/string/strcpy.c         0x00000000   Number         0  strcpy.o ABSOLUTE
    ../clib/microlib/string/strlen.c         0x00000000   Number         0  strlen.o ABSOLUTE
    ../clib/microlib/string/strstr.c         0x00000000   Number         0  strstr.o ABSOLUTE
    ../clib/microlib/stubs.s                 0x00000000   Number         0  iusefp.o ABSOLUTE
    ../clib/microlib/stubs.s                 0x00000000   Number         0  useno.o ABSOLUTE
    ../fplib/microlib/f2d.c                  0x00000000   Number         0  f2d.o ABSOLUTE
    ../fplib/microlib/fpadd.c                0x00000000   Number         0  dadd.o ABSOLUTE
    ../fplib/microlib/fpadd.c                0x00000000   Number         0  fadd.o ABSOLUTE
    ../fplib/microlib/fpdiv.c                0x00000000   Number         0  ddiv.o ABSOLUTE
    ../fplib/microlib/fpdiv.c                0x00000000   Number         0  fdiv.o ABSOLUTE
    ../fplib/microlib/fpepilogue.c           0x00000000   Number         0  depilogue.o ABSOLUTE
    ../fplib/microlib/fpepilogue.c           0x00000000   Number         0  fepilogue.o ABSOLUTE
    ../fplib/microlib/fpfix.c                0x00000000   Number         0  dfixul.o ABSOLUTE
    ../fplib/microlib/fpfix.c                0x00000000   Number         0  ffixui.o ABSOLUTE
    ../fplib/microlib/fpflt.c                0x00000000   Number         0  ffltui.o ABSOLUTE
    ../fplib/microlib/fpmul.c                0x00000000   Number         0  dmul.o ABSOLUTE
    ../fplib/microlib/fpmul.c                0x00000000   Number         0  fmul.o ABSOLUTE
    ..\CORE\core_cm3.c                       0x00000000   Number         0  core_cm3.o ABSOLUTE
    ..\CORE\startup_stm32f10x_hd.s           0x00000000   Number         0  startup_stm32f10x_hd.o ABSOLUTE
    ..\HARDWARE\ADC\adc.c                    0x00000000   Number         0  adc.o ABSOLUTE
    ..\HARDWARE\GNSS\NMEA.c                  0x00000000   Number         0  nmea.o ABSOLUTE
    ..\HARDWARE\LCD\lcd.c                    0x00000000   Number         0  lcd.o ABSOLUTE
    ..\HARDWARE\LED\led.c                    0x00000000   Number         0  led.o ABSOLUTE
    ..\HARDWARE\USART3\usart3.c              0x00000000   Number         0  usart3.o ABSOLUTE
    ..\STM32F10x_FWLib\src\misc.c            0x00000000   Number         0  misc.o ABSOLUTE
    ..\STM32F10x_FWLib\src\stm32f10x_adc.c   0x00000000   Number         0  stm32f10x_adc.o ABSOLUTE
    ..\STM32F10x_FWLib\src\stm32f10x_bkp.c   0x00000000   Number         0  stm32f10x_bkp.o ABSOLUTE
    ..\STM32F10x_FWLib\src\stm32f10x_can.c   0x00000000   Number         0  stm32f10x_can.o ABSOLUTE
    ..\STM32F10x_FWLib\src\stm32f10x_cec.c   0x00000000   Number         0  stm32f10x_cec.o ABSOLUTE
    ..\STM32F10x_FWLib\src\stm32f10x_crc.c   0x00000000   Number         0  stm32f10x_crc.o ABSOLUTE
    ..\STM32F10x_FWLib\src\stm32f10x_dac.c   0x00000000   Number         0  stm32f10x_dac.o ABSOLUTE
    ..\STM32F10x_FWLib\src\stm32f10x_dbgmcu.c 0x00000000   Number         0  stm32f10x_dbgmcu.o ABSOLUTE
    ..\STM32F10x_FWLib\src\stm32f10x_dma.c   0x00000000   Number         0  stm32f10x_dma.o ABSOLUTE
    ..\STM32F10x_FWLib\src\stm32f10x_exti.c  0x00000000   Number         0  stm32f10x_exti.o ABSOLUTE
    ..\STM32F10x_FWLib\src\stm32f10x_flash.c 0x00000000   Number         0  stm32f10x_flash.o ABSOLUTE
    ..\STM32F10x_FWLib\src\stm32f10x_fsmc.c  0x00000000   Number         0  stm32f10x_fsmc.o ABSOLUTE
    ..\STM32F10x_FWLib\src\stm32f10x_gpio.c  0x00000000   Number         0  stm32f10x_gpio.o ABSOLUTE
    ..\STM32F10x_FWLib\src\stm32f10x_i2c.c   0x00000000   Number         0  stm32f10x_i2c.o ABSOLUTE
    ..\STM32F10x_FWLib\src\stm32f10x_iwdg.c  0x00000000   Number         0  stm32f10x_iwdg.o ABSOLUTE
    ..\STM32F10x_FWLib\src\stm32f10x_pwr.c   0x00000000   Number         0  stm32f10x_pwr.o ABSOLUTE
    ..\STM32F10x_FWLib\src\stm32f10x_rcc.c   0x00000000   Number         0  stm32f10x_rcc.o ABSOLUTE
    ..\STM32F10x_FWLib\src\stm32f10x_rtc.c   0x00000000   Number         0  stm32f10x_rtc.o ABSOLUTE
    ..\STM32F10x_FWLib\src\stm32f10x_sdio.c  0x00000000   Number         0  stm32f10x_sdio.o ABSOLUTE
    ..\STM32F10x_FWLib\src\stm32f10x_spi.c   0x00000000   Number         0  stm32f10x_spi.o ABSOLUTE
    ..\STM32F10x_FWLib\src\stm32f10x_tim.c   0x00000000   Number         0  stm32f10x_tim.o ABSOLUTE
    ..\STM32F10x_FWLib\src\stm32f10x_usart.c 0x00000000   Number         0  stm32f10x_usart.o ABSOLUTE
    ..\STM32F10x_FWLib\src\stm32f10x_wwdg.c  0x00000000   Number         0  stm32f10x_wwdg.o ABSOLUTE
    ..\SYSTEM\SeggerRTT\SEGGER_RTT.c         0x00000000   Number         0  segger_rtt.o ABSOLUTE
    ..\SYSTEM\SeggerRTT\SEGGER_RTT_printf.c  0x00000000   Number         0  segger_rtt_printf.o ABSOLUTE
    ..\SYSTEM\delay\delay.c                  0x00000000   Number         0  delay.o ABSOLUTE
    ..\SYSTEM\sys\sys.c                      0x00000000   Number         0  sys.o ABSOLUTE
    ..\SYSTEM\usart\usart.c                  0x00000000   Number         0  usart.o ABSOLUTE
    ..\USMART\usmart.c                       0x00000000   Number         0  usmart.o ABSOLUTE
    ..\USMART\usmart_config.c                0x00000000   Number         0  usmart_config.o ABSOLUTE
    ..\USMART\usmart_str.c                   0x00000000   Number         0  usmart_str.o ABSOLUTE
    ..\\CORE\\core_cm3.c                     0x00000000   Number         0  core_cm3.o ABSOLUTE
    ..\\SYSTEM\\sys\\sys.c                   0x00000000   Number         0  sys.o ABSOLUTE
    cdrcmple.s                               0x00000000   Number         0  cdrcmple.o ABSOLUTE
    dc.s                                     0x00000000   Number         0  dc.o ABSOLUTE
    handlers.s                               0x00000000   Number         0  handlers.o ABSOLUTE
    init.s                                   0x00000000   Number         0  init.o ABSOLUTE
    main.c                                   0x00000000   Number         0  main.o ABSOLUTE
    stm32f10x_it.c                           0x00000000   Number         0  stm32f10x_it.o ABSOLUTE
    system_stm32f10x.c                       0x00000000   Number         0  system_stm32f10x.o ABSOLUTE
    RESET                                    0x08000000   Section      304  startup_stm32f10x_hd.o(RESET)
    .ARM.Collect$$$$00000000                 0x08000130   Section        0  entry.o(.ARM.Collect$$$$00000000)
    .ARM.Collect$$$$00000001                 0x08000130   Section        4  entry2.o(.ARM.Collect$$$$00000001)
    .ARM.Collect$$$$00000004                 0x08000134   Section        4  entry5.o(.ARM.Collect$$$$00000004)
    .ARM.Collect$$$$00000008                 0x08000138   Section        0  entry7b.o(.ARM.Collect$$$$00000008)
    .ARM.Collect$$$$0000000A                 0x08000138   Section        0  entry8b.o(.ARM.Collect$$$$0000000A)
    .ARM.Collect$$$$0000000B                 0x08000138   Section        8  entry9a.o(.ARM.Collect$$$$0000000B)
    .ARM.Collect$$$$0000000E                 0x08000140   Section        4  entry12b.o(.ARM.Collect$$$$0000000E)
    .ARM.Collect$$$$0000000F                 0x08000144   Section        0  entry10a.o(.ARM.Collect$$$$0000000F)
    .ARM.Collect$$$$00000011                 0x08000144   Section        0  entry11a.o(.ARM.Collect$$$$00000011)
    .ARM.Collect$$$$00002712                 0x08000144   Section        4  entry2.o(.ARM.Collect$$$$00002712)
    __lit__00000000                          0x08000144   Data           4  entry2.o(.ARM.Collect$$$$00002712)
    .text                                    0x08000148   Section       36  startup_stm32f10x_hd.o(.text)
    .text                                    0x0800016c   Section        0  memcpya.o(.text)
    .text                                    0x08000190   Section        0  memseta.o(.text)
    .text                                    0x080001b4   Section        0  strstr.o(.text)
    .text                                    0x080001d8   Section        0  strcpy.o(.text)
    .text                                    0x080001ea   Section        0  fadd.o(.text)
    .text                                    0x0800029a   Section        0  fmul.o(.text)
    .text                                    0x080002fe   Section        0  fdiv.o(.text)
    .text                                    0x0800037a   Section        0  ffltui.o(.text)
    .text                                    0x08000384   Section        0  ffixui.o(.text)
    .text                                    0x080003ac   Section        0  f2d.o(.text)
    .text                                    0x080003d2   Section        0  uidiv.o(.text)
    .text                                    0x080003fe   Section        0  uldiv.o(.text)
    .text                                    0x08000460   Section        0  fepilogue.o(.text)
    .text                                    0x08000460   Section        0  iusefp.o(.text)
    .text                                    0x080004ce   Section        0  dadd.o(.text)
    .text                                    0x0800061c   Section        0  dmul.o(.text)
    .text                                    0x08000700   Section        0  ddiv.o(.text)
    .text                                    0x080007de   Section        0  dfixul.o(.text)
    .text                                    0x08000810   Section       48  cdrcmple.o(.text)
    .text                                    0x08000840   Section       36  init.o(.text)
    .text                                    0x08000864   Section        0  llshl.o(.text)
    .text                                    0x08000882   Section        0  llushr.o(.text)
    .text                                    0x080008a2   Section        0  llsshr.o(.text)
    .text                                    0x080008c6   Section        0  depilogue.o(.text)
    .text                                    0x08000980   Section        0  __dczerorl2.o(.text)
    i.BusFault_Handler                       0x080009d6   Section        0  stm32f10x_it.o(i.BusFault_Handler)
    i.CheckBusy                              0x080009dc   Section        0  lcd.o(i.CheckBusy)
    i.DMA_DeInit                             0x08000a2c   Section        0  stm32f10x_dma.o(i.DMA_DeInit)
    i.DMA_Init                               0x08000b78   Section        0  stm32f10x_dma.o(i.DMA_Init)
    i.DebugMon_Handler                       0x08000bb4   Section        0  stm32f10x_it.o(i.DebugMon_Handler)
    i.GPIO_Init                              0x08000bb6   Section        0  stm32f10x_gpio.o(i.GPIO_Init)
    i.GPIO_ReadInputDataBit                  0x08000ccc   Section        0  stm32f10x_gpio.o(i.GPIO_ReadInputDataBit)
    i.GPIO_SetBits                           0x08000cde   Section        0  stm32f10x_gpio.o(i.GPIO_SetBits)
    i.GPIO_Write                             0x08000ce2   Section        0  stm32f10x_gpio.o(i.GPIO_Write)
    i.GPS_Analysis                           0x08000ce6   Section        0  nmea.o(i.GPS_Analysis)
    i.Gps_Msg_Show                           0x08000cf8   Section        0  main.o(i.Gps_Msg_Show)
    i.HardFault_Handler                      0x08000de0   Section        0  stm32f10x_it.o(i.HardFault_Handler)
    i.Init_Usart                             0x08000de4   Section        0  usart.o(i.Init_Usart)
    i.LCD_IO_Init                            0x08000dec   Section        0  lcd.o(i.LCD_IO_Init)
    i.LCD_Init                               0x08000e50   Section        0  lcd.o(i.LCD_Init)
    i.LCD_Wmessage                           0x08000e72   Section        0  lcd.o(i.LCD_Wmessage)
    i.LCD_wcmd                               0x08000e90   Section        0  lcd.o(i.LCD_wcmd)
    i.LCD_wdat                               0x08000ef0   Section        0  lcd.o(i.LCD_wdat)
    i.LED_Init                               0x08000f54   Section        0  led.o(i.LED_Init)
    i.MemManage_Handler                      0x08000fa4   Section        0  stm32f10x_it.o(i.MemManage_Handler)
    i.NMEA_BDRMC_Analysis                    0x08000fa8   Section        0  nmea.o(i.NMEA_BDRMC_Analysis)
    i.NMEA_Comma_Pos                         0x080011cc   Section        0  nmea.o(i.NMEA_Comma_Pos)
    i.NMEA_Pow                               0x080011fe   Section        0  nmea.o(i.NMEA_Pow)
    i.NMEA_Str2num                           0x08001214   Section        0  nmea.o(i.NMEA_Str2num)
    i.NMI_Handler                            0x080012fe   Section        0  stm32f10x_it.o(i.NMI_Handler)
    i.NVIC_Init                              0x08001300   Section        0  misc.o(i.NVIC_Init)
    i.NVIC_PriorityGroupConfig               0x08001370   Section        0  misc.o(i.NVIC_PriorityGroupConfig)
    i.PendSV_Handler                         0x08001384   Section        0  stm32f10x_it.o(i.PendSV_Handler)
    i.RCC_AHBPeriphClockCmd                  0x08001388   Section        0  stm32f10x_rcc.o(i.RCC_AHBPeriphClockCmd)
    i.RCC_APB1PeriphClockCmd                 0x080013a8   Section        0  stm32f10x_rcc.o(i.RCC_APB1PeriphClockCmd)
    i.RCC_APB1PeriphResetCmd                 0x080013c8   Section        0  stm32f10x_rcc.o(i.RCC_APB1PeriphResetCmd)
    i.RCC_APB2PeriphClockCmd                 0x080013e8   Section        0  stm32f10x_rcc.o(i.RCC_APB2PeriphClockCmd)
    i.RCC_APB2PeriphResetCmd                 0x08001408   Section        0  stm32f10x_rcc.o(i.RCC_APB2PeriphResetCmd)
    i.RCC_GetClocksFreq                      0x08001428   Section        0  stm32f10x_rcc.o(i.RCC_GetClocksFreq)
    i.SEGGER_RTT_Init                        0x080014fc   Section        0  segger_rtt.o(i.SEGGER_RTT_Init)
    i.SEGGER_RTT_Write                       0x08001504   Section        0  segger_rtt.o(i.SEGGER_RTT_Write)
    i.SEGGER_RTT_WriteNoLock                 0x08001550   Section        0  segger_rtt.o(i.SEGGER_RTT_WriteNoLock)
    i.SEGGER_RTT_printf                      0x080015d4   Section        0  segger_rtt_printf.o(i.SEGGER_RTT_printf)
    i.SEGGER_RTT_vprintf                     0x080015f8   Section        0  segger_rtt_printf.o(i.SEGGER_RTT_vprintf)
    i.SVC_Handler                            0x08001818   Section        0  stm32f10x_it.o(i.SVC_Handler)
    i.SetSysClock                            0x0800181a   Section        0  system_stm32f10x.o(i.SetSysClock)
    SetSysClock                              0x0800181b   Thumb Code     8  system_stm32f10x.o(i.SetSysClock)
    i.SetSysClockTo72                        0x08001824   Section        0  system_stm32f10x.o(i.SetSysClockTo72)
    SetSysClockTo72                          0x08001825   Thumb Code   214  system_stm32f10x.o(i.SetSysClockTo72)
    i.SkyTra_Cfg_Ack_Check                   0x08001904   Section        0  nmea.o(i.SkyTra_Cfg_Ack_Check)
    i.SkyTra_Cfg_Prt                         0x08001970   Section        0  nmea.o(i.SkyTra_Cfg_Prt)
    i.SkyTra_Cfg_Rate                        0x080019d0   Section        0  nmea.o(i.SkyTra_Cfg_Rate)
    i.SkyTra_Cfg_Tp                          0x08001a10   Section        0  nmea.o(i.SkyTra_Cfg_Tp)
    i.SkyTra_Send_Date                       0x08001a94   Section        0  nmea.o(i.SkyTra_Send_Date)
    i.SysTick_CLKSourceConfig                0x08001ac0   Section        0  misc.o(i.SysTick_CLKSourceConfig)
    i.SysTick_Handler                        0x08001ae8   Section        0  stm32f10x_it.o(i.SysTick_Handler)
    i.SystemInit                             0x08001aec   Section        0  system_stm32f10x.o(i.SystemInit)
    i.TIM2_IRQHandler                        0x08001b4c   Section        0  usmart.o(i.TIM2_IRQHandler)
    i.TIM4_IRQHandler                        0x08001b84   Section        0  usart3.o(i.TIM4_IRQHandler)
    i.TIM4_Init                              0x08001bb4   Section        0  usart3.o(i.TIM4_Init)
    i.TIM4_Set                               0x08001c0c   Section        0  usart3.o(i.TIM4_Set)
    i.TIM_ClearITPendingBit                  0x08001c34   Section        0  stm32f10x_tim.o(i.TIM_ClearITPendingBit)
    i.TIM_Cmd                                0x08001c3a   Section        0  stm32f10x_tim.o(i.TIM_Cmd)
    i.TIM_GetITStatus                        0x08001c52   Section        0  stm32f10x_tim.o(i.TIM_GetITStatus)
    i.TIM_ITConfig                           0x08001c74   Section        0  stm32f10x_tim.o(i.TIM_ITConfig)
    i.TIM_SetCounter                         0x08001c86   Section        0  stm32f10x_tim.o(i.TIM_SetCounter)
    i.TIM_TimeBaseInit                       0x08001c8c   Section        0  stm32f10x_tim.o(i.TIM_TimeBaseInit)
    i.Timer2_Init                            0x08001d30   Section        0  usmart.o(i.Timer2_Init)
    i.UART_DMA_Config                        0x08001d8a   Section        0  usart3.o(i.UART_DMA_Config)
    i.USART1_IRQHandler                      0x08001dd4   Section        0  main.o(i.USART1_IRQHandler)
    i.USART3_IRQHandler                      0x08001f78   Section        0  usart3.o(i.USART3_IRQHandler)
    i.USART3_Init                            0x08001fdc   Section        0  usart3.o(i.USART3_Init)
    i.USART_Cmd                              0x080020c4   Section        0  stm32f10x_usart.o(i.USART_Cmd)
    i.USART_DMACmd                           0x080020dc   Section        0  stm32f10x_usart.o(i.USART_DMACmd)
    i.USART_DeInit                           0x080020f0   Section        0  stm32f10x_usart.o(i.USART_DeInit)
    i.USART_GetITStatus                      0x0800218c   Section        0  stm32f10x_usart.o(i.USART_GetITStatus)
    i.USART_ITConfig                         0x080021e0   Section        0  stm32f10x_usart.o(i.USART_ITConfig)
    i.USART_Init                             0x0800222c   Section        0  stm32f10x_usart.o(i.USART_Init)
    i.USART_ReceiveData                      0x08002304   Section        0  stm32f10x_usart.o(i.USART_ReceiveData)
    i.UsageFault_Handler                     0x0800230e   Section        0  stm32f10x_it.o(i.UsageFault_Handler)
    i._DoInit                                0x08002314   Section        0  segger_rtt.o(i._DoInit)
    _DoInit                                  0x08002315   Thumb Code    82  segger_rtt.o(i._DoInit)
    i._GetAvailWriteSpace                    0x08002384   Section        0  segger_rtt.o(i._GetAvailWriteSpace)
    _GetAvailWriteSpace                      0x08002385   Thumb Code    28  segger_rtt.o(i._GetAvailWriteSpace)
    i._PrintInt                              0x080023a0   Section        0  segger_rtt_printf.o(i._PrintInt)
    _PrintInt                                0x080023a1   Thumb Code   236  segger_rtt_printf.o(i._PrintInt)
    i._PrintUnsigned                         0x0800248c   Section        0  segger_rtt_printf.o(i._PrintUnsigned)
    _PrintUnsigned                           0x0800248d   Thumb Code   230  segger_rtt_printf.o(i._PrintUnsigned)
    i._StoreChar                             0x08002578   Section        0  segger_rtt_printf.o(i._StoreChar)
    _StoreChar                               0x08002579   Thumb Code    68  segger_rtt_printf.o(i._StoreChar)
    i._WriteBlocking                         0x080025bc   Section        0  segger_rtt.o(i._WriteBlocking)
    _WriteBlocking                           0x080025bd   Thumb Code   118  segger_rtt.o(i._WriteBlocking)
    i._WriteNoCheck                          0x08002632   Section        0  segger_rtt.o(i._WriteNoCheck)
    _WriteNoCheck                            0x08002633   Thumb Code    88  segger_rtt.o(i._WriteNoCheck)
    i.__0printf                              0x0800268c   Section        0  printfa.o(i.__0printf)
    i.__0sprintf                             0x080026ac   Section        0  printfa.o(i.__0sprintf)
    i.__scatterload_copy                     0x080026d4   Section       14  handlers.o(i.__scatterload_copy)
    i.__scatterload_null                     0x080026e2   Section        2  handlers.o(i.__scatterload_null)
    i.__scatterload_zeroinit                 0x080026e4   Section       14  handlers.o(i.__scatterload_zeroinit)
    i._fp_digits                             0x080026f4   Section        0  printfa.o(i._fp_digits)
    _fp_digits                               0x080026f5   Thumb Code   366  printfa.o(i._fp_digits)
    i._printf_core                           0x08002878   Section        0  printfa.o(i._printf_core)
    _printf_core                             0x08002879   Thumb Code  1704  printfa.o(i._printf_core)
    i._printf_post_padding                   0x08002f2c   Section        0  printfa.o(i._printf_post_padding)
    _printf_post_padding                     0x08002f2d   Thumb Code    36  printfa.o(i._printf_post_padding)
    i._printf_pre_padding                    0x08002f50   Section        0  printfa.o(i._printf_pre_padding)
    _printf_pre_padding                      0x08002f51   Thumb Code    46  printfa.o(i._printf_pre_padding)
    i._sputc                                 0x08002f7e   Section        0  printfa.o(i._sputc)
    _sputc                                   0x08002f7f   Thumb Code    10  printfa.o(i._sputc)
    i.delay_init                             0x08002f88   Section        0  delay.o(i.delay_init)
    i.delay_ms                               0x08002fcc   Section        0  delay.o(i.delay_ms)
    i.fputc                                  0x08003018   Section        0  usart.o(i.fputc)
    i.main                                   0x08003034   Section        0  main.o(i.main)
    i.read_addr                              0x0800313c   Section        0  usmart.o(i.read_addr)
    i.usart_init                             0x08003144   Section        0  usart.o(i.usart_init)
    i.usmart_cmd_rec                         0x08003200   Section        0  usmart.o(i.usmart_cmd_rec)
    i.usmart_exe                             0x080032b0   Section        0  usmart.o(i.usmart_exe)
    i.usmart_get_aparm                       0x08003588   Section        0  usmart_str.o(i.usmart_get_aparm)
    i.usmart_get_cmdname                     0x08003650   Section        0  usmart_str.o(i.usmart_get_cmdname)
    i.usmart_get_fname                       0x08003688   Section        0  usmart_str.o(i.usmart_get_fname)
    i.usmart_get_fparam                      0x08003848   Section        0  usmart_str.o(i.usmart_get_fparam)
    i.usmart_get_parmpos                     0x08003954   Section        0  usmart_str.o(i.usmart_get_parmpos)
    i.usmart_get_runtime                     0x08003974   Section        0  usmart.o(i.usmart_get_runtime)
    i.usmart_init                            0x080039b4   Section        0  usmart.o(i.usmart_init)
    i.usmart_pow                             0x080039dc   Section        0  usmart_str.o(i.usmart_pow)
    i.usmart_reset_runtime                   0x080039f4   Section        0  usmart.o(i.usmart_reset_runtime)
    i.usmart_scan                            0x08003a1c   Section        0  usmart.o(i.usmart_scan)
    i.usmart_search_nextc                    0x08003ad8   Section        0  usmart_str.o(i.usmart_search_nextc)
    i.usmart_str2num                         0x08003aee   Section        0  usmart_str.o(i.usmart_str2num)
    i.usmart_strcmp                          0x08003bb8   Section        0  usmart_str.o(i.usmart_strcmp)
    i.usmart_strcopy                         0x08003bda   Section        0  usmart_str.o(i.usmart_strcopy)
    i.usmart_strlen                          0x08003bf0   Section        0  usmart_str.o(i.usmart_strlen)
    i.usmart_sys_cmd_exe                     0x08003c08   Section        0  usmart.o(i.usmart_sys_cmd_exe)
    i.write_addr                             0x080042ec   Section        0  usmart.o(i.write_addr)
    .constdata                               0x080042f0   Section       36  nmea.o(.constdata)
    .constdata                               0x08004314   Section       33  segger_rtt.o(.constdata)
    _aTerminalId                             0x08004314   Data          16  segger_rtt.o(.constdata)
    _aInitStr                                0x08004324   Data          17  segger_rtt.o(.constdata)
    .constdata                               0x08004335   Section       16  segger_rtt_printf.o(.constdata)
    _aV2C                                    0x08004335   Data          16  segger_rtt_printf.o(.constdata)
    .conststring                             0x08004348   Section       21  main.o(.conststring)
    .conststring                             0x08004360   Section       40  usmart.o(.conststring)
    .conststring                             0x08004388   Section      148  usmart_config.o(.conststring)
    .data                                    0x20000000   Section       28  main.o(.data)
    .data                                    0x2000001c   Section       20  system_stm32f10x.o(.data)
    .data                                    0x20000030   Section        2  lcd.o(.data)
    .data                                    0x20000032   Section        2  usart3.o(.data)
    .data                                    0x20000034   Section        4  delay.o(.data)
    fac_us                                   0x20000034   Data           1  delay.o(.data)
    fac_ms                                   0x20000036   Data           2  delay.o(.data)
    .data                                    0x20000038   Section        6  usart.o(.data)
    .data                                    0x2000003e   Section       20  stm32f10x_rcc.o(.data)
    APBAHBPrescTable                         0x2000003e   Data          16  stm32f10x_rcc.o(.data)
    ADCPrescTable                            0x2000004e   Data           4  stm32f10x_rcc.o(.data)
    .data                                    0x20000054   Section       28  usmart.o(.data)
    .data                                    0x20000070   Section      284  usmart_config.o(.data)
    .bss                                     0x2000018c   Section     1242  main.o(.bss)
    .bss                                     0x20000668   Section     2048  usart3.o(.bss)
    .bss                                     0x20000e68   Section      200  usart.o(.bss)
    .bss                                     0x20000f30   Section     1208  segger_rtt.o(.bss)
    _acUpBuffer                              0x20000fd8   Data        1024  segger_rtt.o(.bss)
    _acDownBuffer                            0x200013d8   Data          16  segger_rtt.o(.bss)
    STACK                                    0x200013e8   Section     1024  startup_stm32f10x_hd.o(STACK)

    Global Symbols

    Symbol Name                              Value     Ov Type        Size  Object(Section)

    BuildAttributes$$THM_ISAv4$P$D$K$B$S$PE$A:L22UL41UL21$X:L11$S22US41US21$IEEE1$IW$USESV6$~STKCKD$USESV7$~SHL$OTIME$ROPI$EBA8$MICROLIB$REQ8$PRES8$EABIv2 0x00000000   Number         0  anon$$obj.o ABSOLUTE
    __ARM_use_no_argv                        0x00000000   Number         0  main.o ABSOLUTE
    __use_no_errno                           0x00000000   Number         0  useno.o ABSOLUTE
    __use_no_exception_handling              0x00000000   Number         0  useno.o ABSOLUTE
    __use_no_fp                              0x00000000   Number         0  useno.o ABSOLUTE
    __use_no_heap                            0x00000000   Number         0  useno.o ABSOLUTE
    __use_no_heap_region                     0x00000000   Number         0  useno.o ABSOLUTE
    __use_no_semihosting                     0x00000000   Number         0  useno.o ABSOLUTE
    __use_no_semihosting_swi                 0x00000000   Number         0  useno.o ABSOLUTE
    __use_no_signal_handling                 0x00000000   Number         0  useno.o ABSOLUTE
    _printf_a                                0x00000000   Number         0  stubs.o ABSOLUTE
    _printf_c                                0x00000000   Number         0  stubs.o ABSOLUTE
    _printf_charcount                        0x00000000   Number         0  stubs.o ABSOLUTE
    _printf_d                                0x00000000   Number         0  stubs.o ABSOLUTE
    _printf_e                                0x00000000   Number         0  stubs.o ABSOLUTE
    _printf_f                                0x00000000   Number         0  stubs.o ABSOLUTE
    _printf_flags                            0x00000000   Number         0  stubs.o ABSOLUTE
    _printf_fp_dec                           0x00000000   Number         0  stubs.o ABSOLUTE
    _printf_fp_hex                           0x00000000   Number         0  stubs.o ABSOLUTE
    _printf_g                                0x00000000   Number         0  stubs.o ABSOLUTE
    _printf_i                                0x00000000   Number         0  stubs.o ABSOLUTE
    _printf_int_dec                          0x00000000   Number         0  stubs.o ABSOLUTE
    _printf_l                                0x00000000   Number         0  stubs.o ABSOLUTE
    _printf_lc                               0x00000000   Number         0  stubs.o ABSOLUTE
    _printf_ll                               0x00000000   Number         0  stubs.o ABSOLUTE
    _printf_lld                              0x00000000   Number         0  stubs.o ABSOLUTE
    _printf_lli                              0x00000000   Number         0  stubs.o ABSOLUTE
    _printf_llo                              0x00000000   Number         0  stubs.o ABSOLUTE
    _printf_llu                              0x00000000   Number         0  stubs.o ABSOLUTE
    _printf_llx                              0x00000000   Number         0  stubs.o ABSOLUTE
    _printf_longlong_dec                     0x00000000   Number         0  stubs.o ABSOLUTE
    _printf_longlong_hex                     0x00000000   Number         0  stubs.o ABSOLUTE
    _printf_longlong_oct                     0x00000000   Number         0  stubs.o ABSOLUTE
    _printf_ls                               0x00000000   Number         0  stubs.o ABSOLUTE
    _printf_mbtowc                           0x00000000   Number         0  stubs.o ABSOLUTE
    _printf_n                                0x00000000   Number         0  stubs.o ABSOLUTE
    _printf_o                                0x00000000   Number         0  stubs.o ABSOLUTE
    _printf_p                                0x00000000   Number         0  stubs.o ABSOLUTE
    _printf_percent                          0x00000000   Number         0  stubs.o ABSOLUTE
    _printf_pre_padding                      0x00000000   Number         0  stubs.o ABSOLUTE
    _printf_return_value                     0x00000000   Number         0  stubs.o ABSOLUTE
    _printf_s                                0x00000000   Number         0  stubs.o ABSOLUTE
    _printf_sizespec                         0x00000000   Number         0  stubs.o ABSOLUTE
    _printf_str                              0x00000000   Number         0  stubs.o ABSOLUTE
    _printf_truncate_signed                  0x00000000   Number         0  stubs.o ABSOLUTE
    _printf_truncate_unsigned                0x00000000   Number         0  stubs.o ABSOLUTE
    _printf_u                                0x00000000   Number         0  stubs.o ABSOLUTE
    _printf_wc                               0x00000000   Number         0  stubs.o ABSOLUTE
    _printf_wctomb                           0x00000000   Number         0  stubs.o ABSOLUTE
    _printf_widthprec                        0x00000000   Number         0  stubs.o ABSOLUTE
    _printf_x                                0x00000000   Number         0  stubs.o ABSOLUTE
    __arm_fini_                               - Undefined Weak Reference
    __cpp_initialize__aeabi_                  - Undefined Weak Reference
    __cxa_finalize                            - Undefined Weak Reference
    _clock_init                               - Undefined Weak Reference
    _microlib_exit                            - Undefined Weak Reference
    __Vectors_Size                           0x00000130   Number         0  startup_stm32f10x_hd.o ABSOLUTE
    __Vectors                                0x08000000   Data           4  startup_stm32f10x_hd.o(RESET)
    __Vectors_End                            0x08000130   Data           0  startup_stm32f10x_hd.o(RESET)
    __main                                   0x08000131   Thumb Code     0  entry.o(.ARM.Collect$$$$00000000)
    _main_stk                                0x08000131   Thumb Code     0  entry2.o(.ARM.Collect$$$$00000001)
    _main_scatterload                        0x08000135   Thumb Code     0  entry5.o(.ARM.Collect$$$$00000004)
    __main_after_scatterload                 0x08000139   Thumb Code     0  entry5.o(.ARM.Collect$$$$00000004)
    _main_clock                              0x08000139   Thumb Code     0  entry7b.o(.ARM.Collect$$$$00000008)
    _main_cpp_init                           0x08000139   Thumb Code     0  entry8b.o(.ARM.Collect$$$$0000000A)
    _main_init                               0x08000139   Thumb Code     0  entry9a.o(.ARM.Collect$$$$0000000B)
    __rt_lib_shutdown_fini                   0x08000141   Thumb Code     0  entry12b.o(.ARM.Collect$$$$0000000E)
    __rt_final_cpp                           0x08000145   Thumb Code     0  entry10a.o(.ARM.Collect$$$$0000000F)
    __rt_final_exit                          0x08000145   Thumb Code     0  entry11a.o(.ARM.Collect$$$$00000011)
    Reset_Handler                            0x08000149   Thumb Code     8  startup_stm32f10x_hd.o(.text)
    ADC1_2_IRQHandler                        0x08000163   Thumb Code     0  startup_stm32f10x_hd.o(.text)
    ADC3_IRQHandler                          0x08000163   Thumb Code     0  startup_stm32f10x_hd.o(.text)
    CAN1_RX1_IRQHandler                      0x08000163   Thumb Code     0  startup_stm32f10x_hd.o(.text)
    CAN1_SCE_IRQHandler                      0x08000163   Thumb Code     0  startup_stm32f10x_hd.o(.text)
    DMA1_Channel1_IRQHandler                 0x08000163   Thumb Code     0  startup_stm32f10x_hd.o(.text)
    DMA1_Channel2_IRQHandler                 0x08000163   Thumb Code     0  startup_stm32f10x_hd.o(.text)
    DMA1_Channel3_IRQHandler                 0x08000163   Thumb Code     0  startup_stm32f10x_hd.o(.text)
    DMA1_Channel4_IRQHandler                 0x08000163   Thumb Code     0  startup_stm32f10x_hd.o(.text)
    DMA1_Channel5_IRQHandler                 0x08000163   Thumb Code     0  startup_stm32f10x_hd.o(.text)
    DMA1_Channel6_IRQHandler                 0x08000163   Thumb Code     0  startup_stm32f10x_hd.o(.text)
    DMA1_Channel7_IRQHandler                 0x08000163   Thumb Code     0  startup_stm32f10x_hd.o(.text)
    DMA2_Channel1_IRQHandler                 0x08000163   Thumb Code     0  startup_stm32f10x_hd.o(.text)
    DMA2_Channel2_IRQHandler                 0x08000163   Thumb Code     0  startup_stm32f10x_hd.o(.text)
    DMA2_Channel3_IRQHandler                 0x08000163   Thumb Code     0  startup_stm32f10x_hd.o(.text)
    DMA2_Channel4_5_IRQHandler               0x08000163   Thumb Code     0  startup_stm32f10x_hd.o(.text)
    EXTI0_IRQHandler                         0x08000163   Thumb Code     0  startup_stm32f10x_hd.o(.text)
    EXTI15_10_IRQHandler                     0x08000163   Thumb Code     0  startup_stm32f10x_hd.o(.text)
    EXTI1_IRQHandler                         0x08000163   Thumb Code     0  startup_stm32f10x_hd.o(.text)
    EXTI2_IRQHandler                         0x08000163   Thumb Code     0  startup_stm32f10x_hd.o(.text)
    EXTI3_IRQHandler                         0x08000163   Thumb Code     0  startup_stm32f10x_hd.o(.text)
    EXTI4_IRQHandler                         0x08000163   Thumb Code     0  startup_stm32f10x_hd.o(.text)
    EXTI9_5_IRQHandler                       0x08000163   Thumb Code     0  startup_stm32f10x_hd.o(.text)
    FLASH_IRQHandler                         0x08000163   Thumb Code     0  startup_stm32f10x_hd.o(.text)
    FSMC_IRQHandler                          0x08000163   Thumb Code     0  startup_stm32f10x_hd.o(.text)
    I2C1_ER_IRQHandler                       0x08000163   Thumb Code     0  startup_stm32f10x_hd.o(.text)
    I2C1_EV_IRQHandler                       0x08000163   Thumb Code     0  startup_stm32f10x_hd.o(.text)
    I2C2_ER_IRQHandler                       0x08000163   Thumb Code     0  startup_stm32f10x_hd.o(.text)
    I2C2_EV_IRQHandler                       0x08000163   Thumb Code     0  startup_stm32f10x_hd.o(.text)
    PVD_IRQHandler                           0x08000163   Thumb Code     0  startup_stm32f10x_hd.o(.text)
    RCC_IRQHandler                           0x08000163   Thumb Code     0  startup_stm32f10x_hd.o(.text)
    RTCAlarm_IRQHandler                      0x08000163   Thumb Code     0  startup_stm32f10x_hd.o(.text)
    RTC_IRQHandler                           0x08000163   Thumb Code     0  startup_stm32f10x_hd.o(.text)
    SDIO_IRQHandler                          0x08000163   Thumb Code     0  startup_stm32f10x_hd.o(.text)
    SPI1_IRQHandler                          0x08000163   Thumb Code     0  startup_stm32f10x_hd.o(.text)
    SPI2_IRQHandler                          0x08000163   Thumb Code     0  startup_stm32f10x_hd.o(.text)
    SPI3_IRQHandler                          0x08000163   Thumb Code     0  startup_stm32f10x_hd.o(.text)
    TAMPER_IRQHandler                        0x08000163   Thumb Code     0  startup_stm32f10x_hd.o(.text)
    TIM1_BRK_IRQHandler                      0x08000163   Thumb Code     0  startup_stm32f10x_hd.o(.text)
    TIM1_CC_IRQHandler                       0x08000163   Thumb Code     0  startup_stm32f10x_hd.o(.text)
    TIM1_TRG_COM_IRQHandler                  0x08000163   Thumb Code     0  startup_stm32f10x_hd.o(.text)
    TIM1_UP_IRQHandler                       0x08000163   Thumb Code     0  startup_stm32f10x_hd.o(.text)
    TIM3_IRQHandler                          0x08000163   Thumb Code     0  startup_stm32f10x_hd.o(.text)
    TIM5_IRQHandler                          0x08000163   Thumb Code     0  startup_stm32f10x_hd.o(.text)
    TIM6_IRQHandler                          0x08000163   Thumb Code     0  startup_stm32f10x_hd.o(.text)
    TIM7_IRQHandler                          0x08000163   Thumb Code     0  startup_stm32f10x_hd.o(.text)
    TIM8_BRK_IRQHandler                      0x08000163   Thumb Code     0  startup_stm32f10x_hd.o(.text)
    TIM8_CC_IRQHandler                       0x08000163   Thumb Code     0  startup_stm32f10x_hd.o(.text)
    TIM8_TRG_COM_IRQHandler                  0x08000163   Thumb Code     0  startup_stm32f10x_hd.o(.text)
    TIM8_UP_IRQHandler                       0x08000163   Thumb Code     0  startup_stm32f10x_hd.o(.text)
    UART4_IRQHandler                         0x08000163   Thumb Code     0  startup_stm32f10x_hd.o(.text)
    UART5_IRQHandler                         0x08000163   Thumb Code     0  startup_stm32f10x_hd.o(.text)
    USART2_IRQHandler                        0x08000163   Thumb Code     0  startup_stm32f10x_hd.o(.text)
    USBWakeUp_IRQHandler                     0x08000163   Thumb Code     0  startup_stm32f10x_hd.o(.text)
    USB_HP_CAN1_TX_IRQHandler                0x08000163   Thumb Code     0  startup_stm32f10x_hd.o(.text)
    USB_LP_CAN1_RX0_IRQHandler               0x08000163   Thumb Code     0  startup_stm32f10x_hd.o(.text)
    WWDG_IRQHandler                          0x08000163   Thumb Code     0  startup_stm32f10x_hd.o(.text)
    __aeabi_memcpy                           0x0800016d   Thumb Code    36  memcpya.o(.text)
    __aeabi_memcpy4                          0x0800016d   Thumb Code     0  memcpya.o(.text)
    __aeabi_memcpy8                          0x0800016d   Thumb Code     0  memcpya.o(.text)
    __aeabi_memset                           0x08000191   Thumb Code    14  memseta.o(.text)
    __aeabi_memset4                          0x08000191   Thumb Code     0  memseta.o(.text)
    __aeabi_memset8                          0x08000191   Thumb Code     0  memseta.o(.text)
    __aeabi_memclr                           0x0800019f   Thumb Code     4  memseta.o(.text)
    __aeabi_memclr4                          0x0800019f   Thumb Code     0  memseta.o(.text)
    __aeabi_memclr8                          0x0800019f   Thumb Code     0  memseta.o(.text)
    _memset$wrapper                          0x080001a3   Thumb Code    18  memseta.o(.text)
    strstr                                   0x080001b5   Thumb Code    36  strstr.o(.text)
    strcpy                                   0x080001d9   Thumb Code    18  strcpy.o(.text)
    __aeabi_fadd                             0x080001eb   Thumb Code   164  fadd.o(.text)
    __aeabi_fsub                             0x0800028f   Thumb Code     6  fadd.o(.text)
    __aeabi_frsub                            0x08000295   Thumb Code     6  fadd.o(.text)
    __aeabi_fmul                             0x0800029b   Thumb Code   100  fmul.o(.text)
    __aeabi_fdiv                             0x080002ff   Thumb Code   124  fdiv.o(.text)
    __aeabi_ui2f                             0x0800037b   Thumb Code    10  ffltui.o(.text)
    __aeabi_f2uiz                            0x08000385   Thumb Code    40  ffixui.o(.text)
    __aeabi_f2d                              0x080003ad   Thumb Code    38  f2d.o(.text)
    __aeabi_uidiv                            0x080003d3   Thumb Code     0  uidiv.o(.text)
    __aeabi_uidivmod                         0x080003d3   Thumb Code    44  uidiv.o(.text)
    __aeabi_uldivmod                         0x080003ff   Thumb Code    98  uldiv.o(.text)
    __I$use$fp                               0x08000461   Thumb Code     0  iusefp.o(.text)
    _float_round                             0x08000461   Thumb Code    18  fepilogue.o(.text)
    _float_epilogue                          0x08000473   Thumb Code    92  fepilogue.o(.text)
    __aeabi_dadd                             0x080004cf   Thumb Code   322  dadd.o(.text)
    __aeabi_dsub                             0x08000611   Thumb Code     6  dadd.o(.text)
    __aeabi_drsub                            0x08000617   Thumb Code     6  dadd.o(.text)
    __aeabi_dmul                             0x0800061d   Thumb Code   228  dmul.o(.text)
    __aeabi_ddiv                             0x08000701   Thumb Code   222  ddiv.o(.text)
    __aeabi_d2ulz                            0x080007df   Thumb Code    48  dfixul.o(.text)
    __aeabi_cdrcmple                         0x08000811   Thumb Code    48  cdrcmple.o(.text)
    __scatterload                            0x08000841   Thumb Code    28  init.o(.text)
    __scatterload_rt2                        0x08000841   Thumb Code     0  init.o(.text)
    __aeabi_llsl                             0x08000865   Thumb Code    30  llshl.o(.text)
    _ll_shift_l                              0x08000865   Thumb Code     0  llshl.o(.text)
    __aeabi_llsr                             0x08000883   Thumb Code    32  llushr.o(.text)
    _ll_ushift_r                             0x08000883   Thumb Code     0  llushr.o(.text)
    __aeabi_lasr                             0x080008a3   Thumb Code    36  llsshr.o(.text)
    _ll_sshift_r                             0x080008a3   Thumb Code     0  llsshr.o(.text)
    _double_round                            0x080008c7   Thumb Code    30  depilogue.o(.text)
    _double_epilogue                         0x080008e5   Thumb Code   156  depilogue.o(.text)
    __decompress                             0x08000981   Thumb Code     0  __dczerorl2.o(.text)
    __decompress1                            0x08000981   Thumb Code    86  __dczerorl2.o(.text)
    BusFault_Handler                         0x080009d7   Thumb Code     4  stm32f10x_it.o(i.BusFault_Handler)
    CheckBusy                                0x080009dd   Thumb Code    62  lcd.o(i.CheckBusy)
    DMA_DeInit                               0x08000a2d   Thumb Code   324  stm32f10x_dma.o(i.DMA_DeInit)
    DMA_Init                                 0x08000b79   Thumb Code    60  stm32f10x_dma.o(i.DMA_Init)
    DebugMon_Handler                         0x08000bb5   Thumb Code     2  stm32f10x_it.o(i.DebugMon_Handler)
    GPIO_Init                                0x08000bb7   Thumb Code   278  stm32f10x_gpio.o(i.GPIO_Init)
    GPIO_ReadInputDataBit                    0x08000ccd   Thumb Code    18  stm32f10x_gpio.o(i.GPIO_ReadInputDataBit)
    GPIO_SetBits                             0x08000cdf   Thumb Code     4  stm32f10x_gpio.o(i.GPIO_SetBits)
    GPIO_Write                               0x08000ce3   Thumb Code     4  stm32f10x_gpio.o(i.GPIO_Write)
    GPS_Analysis                             0x08000ce7   Thumb Code    16  nmea.o(i.GPS_Analysis)
    Gps_Msg_Show                             0x08000cf9   Thumb Code   182  main.o(i.Gps_Msg_Show)
    HardFault_Handler                        0x08000de1   Thumb Code     4  stm32f10x_it.o(i.HardFault_Handler)
    Init_Usart                               0x08000de5   Thumb Code     8  usart.o(i.Init_Usart)
    LCD_IO_Init                              0x08000ded   Thumb Code    88  lcd.o(i.LCD_IO_Init)
    LCD_Init                                 0x08000e51   Thumb Code    34  lcd.o(i.LCD_Init)
    LCD_Wmessage                             0x08000e73   Thumb Code    30  lcd.o(i.LCD_Wmessage)
    LCD_wcmd                                 0x08000e91   Thumb Code    72  lcd.o(i.LCD_wcmd)
    LCD_wdat                                 0x08000ef1   Thumb Code    74  lcd.o(i.LCD_wdat)
    LED_Init                                 0x08000f55   Thumb Code    72  led.o(i.LED_Init)
    MemManage_Handler                        0x08000fa5   Thumb Code     4  stm32f10x_it.o(i.MemManage_Handler)
    NMEA_BDRMC_Analysis                      0x08000fa9   Thumb Code   536  nmea.o(i.NMEA_BDRMC_Analysis)
    NMEA_Comma_Pos                           0x080011cd   Thumb Code    50  nmea.o(i.NMEA_Comma_Pos)
    NMEA_Pow                                 0x080011ff   Thumb Code    22  nmea.o(i.NMEA_Pow)
    NMEA_Str2num                             0x08001215   Thumb Code   234  nmea.o(i.NMEA_Str2num)
    NMI_Handler                              0x080012ff   Thumb Code     2  stm32f10x_it.o(i.NMI_Handler)
    NVIC_Init                                0x08001301   Thumb Code   100  misc.o(i.NVIC_Init)
    NVIC_PriorityGroupConfig                 0x08001371   Thumb Code    10  misc.o(i.NVIC_PriorityGroupConfig)
    PendSV_Handler                           0x08001385   Thumb Code     2  stm32f10x_it.o(i.PendSV_Handler)
    RCC_AHBPeriphClockCmd                    0x08001389   Thumb Code    26  stm32f10x_rcc.o(i.RCC_AHBPeriphClockCmd)
    RCC_APB1PeriphClockCmd                   0x080013a9   Thumb Code    26  stm32f10x_rcc.o(i.RCC_APB1PeriphClockCmd)
    RCC_APB1PeriphResetCmd                   0x080013c9   Thumb Code    26  stm32f10x_rcc.o(i.RCC_APB1PeriphResetCmd)
    RCC_APB2PeriphClockCmd                   0x080013e9   Thumb Code    26  stm32f10x_rcc.o(i.RCC_APB2PeriphClockCmd)
    RCC_APB2PeriphResetCmd                   0x08001409   Thumb Code    26  stm32f10x_rcc.o(i.RCC_APB2PeriphResetCmd)
    RCC_GetClocksFreq                        0x08001429   Thumb Code   192  stm32f10x_rcc.o(i.RCC_GetClocksFreq)
    SEGGER_RTT_Init                          0x080014fd   Thumb Code     8  segger_rtt.o(i.SEGGER_RTT_Init)
    SEGGER_RTT_Write                         0x08001505   Thumb Code    70  segger_rtt.o(i.SEGGER_RTT_Write)
    SEGGER_RTT_WriteNoLock                   0x08001551   Thumb Code   126  segger_rtt.o(i.SEGGER_RTT_WriteNoLock)
    SEGGER_RTT_printf                        0x080015d5   Thumb Code    34  segger_rtt_printf.o(i.SEGGER_RTT_printf)
    SEGGER_RTT_vprintf                       0x080015f9   Thumb Code   536  segger_rtt_printf.o(i.SEGGER_RTT_vprintf)
    SVC_Handler                              0x08001819   Thumb Code     2  stm32f10x_it.o(i.SVC_Handler)
    SkyTra_Cfg_Ack_Check                     0x08001905   Thumb Code   100  nmea.o(i.SkyTra_Cfg_Ack_Check)
    SkyTra_Cfg_Prt                           0x08001971   Thumb Code    86  nmea.o(i.SkyTra_Cfg_Prt)
    SkyTra_Cfg_Rate                          0x080019d1   Thumb Code    60  nmea.o(i.SkyTra_Cfg_Rate)
    SkyTra_Cfg_Tp                            0x08001a11   Thumb Code   126  nmea.o(i.SkyTra_Cfg_Tp)
    SkyTra_Send_Date                         0x08001a95   Thumb Code    40  nmea.o(i.SkyTra_Send_Date)
    SysTick_CLKSourceConfig                  0x08001ac1   Thumb Code    40  misc.o(i.SysTick_CLKSourceConfig)
    SysTick_Handler                          0x08001ae9   Thumb Code     2  stm32f10x_it.o(i.SysTick_Handler)
    SystemInit                               0x08001aed   Thumb Code    78  system_stm32f10x.o(i.SystemInit)
    TIM2_IRQHandler                          0x08001b4d   Thumb Code    52  usmart.o(i.TIM2_IRQHandler)
    TIM4_IRQHandler                          0x08001b85   Thumb Code    40  usart3.o(i.TIM4_IRQHandler)
    TIM4_Init                                0x08001bb5   Thumb Code    82  usart3.o(i.TIM4_Init)
    TIM4_Set                                 0x08001c0d   Thumb Code    34  usart3.o(i.TIM4_Set)
    TIM_ClearITPendingBit                    0x08001c35   Thumb Code     6  stm32f10x_tim.o(i.TIM_ClearITPendingBit)
    TIM_Cmd                                  0x08001c3b   Thumb Code    24  stm32f10x_tim.o(i.TIM_Cmd)
    TIM_GetITStatus                          0x08001c53   Thumb Code    34  stm32f10x_tim.o(i.TIM_GetITStatus)
    TIM_ITConfig                             0x08001c75   Thumb Code    18  stm32f10x_tim.o(i.TIM_ITConfig)
    TIM_SetCounter                           0x08001c87   Thumb Code     4  stm32f10x_tim.o(i.TIM_SetCounter)
    TIM_TimeBaseInit                         0x08001c8d   Thumb Code   122  stm32f10x_tim.o(i.TIM_TimeBaseInit)
    Timer2_Init                              0x08001d31   Thumb Code    90  usmart.o(i.Timer2_Init)
    UART_DMA_Config                          0x08001d8b   Thumb Code    72  usart3.o(i.UART_DMA_Config)
    USART1_IRQHandler                        0x08001dd5   Thumb Code   234  main.o(i.USART1_IRQHandler)
    USART3_IRQHandler                        0x08001f79   Thumb Code    84  usart3.o(i.USART3_IRQHandler)
    USART3_Init                              0x08001fdd   Thumb Code   210  usart3.o(i.USART3_Init)
    USART_Cmd                                0x080020c5   Thumb Code    24  stm32f10x_usart.o(i.USART_Cmd)
    USART_DMACmd                             0x080020dd   Thumb Code    18  stm32f10x_usart.o(i.USART_DMACmd)
    USART_DeInit                             0x080020f1   Thumb Code   134  stm32f10x_usart.o(i.USART_DeInit)
    USART_GetITStatus                        0x0800218d   Thumb Code    84  stm32f10x_usart.o(i.USART_GetITStatus)
    USART_ITConfig                           0x080021e1   Thumb Code    74  stm32f10x_usart.o(i.USART_ITConfig)
    USART_Init                               0x0800222d   Thumb Code   210  stm32f10x_usart.o(i.USART_Init)
    USART_ReceiveData                        0x08002305   Thumb Code    10  stm32f10x_usart.o(i.USART_ReceiveData)
    UsageFault_Handler                       0x0800230f   Thumb Code     4  stm32f10x_it.o(i.UsageFault_Handler)
    __0printf                                0x0800268d   Thumb Code    22  printfa.o(i.__0printf)
    __1printf                                0x0800268d   Thumb Code     0  printfa.o(i.__0printf)
    __2printf                                0x0800268d   Thumb Code     0  printfa.o(i.__0printf)
    __c89printf                              0x0800268d   Thumb Code     0  printfa.o(i.__0printf)
    printf                                   0x0800268d   Thumb Code     0  printfa.o(i.__0printf)
    __0sprintf                               0x080026ad   Thumb Code    34  printfa.o(i.__0sprintf)
    __1sprintf                               0x080026ad   Thumb Code     0  printfa.o(i.__0sprintf)
    __2sprintf                               0x080026ad   Thumb Code     0  printfa.o(i.__0sprintf)
    __c89sprintf                             0x080026ad   Thumb Code     0  printfa.o(i.__0sprintf)
    sprintf                                  0x080026ad   Thumb Code     0  printfa.o(i.__0sprintf)
    __scatterload_copy                       0x080026d5   Thumb Code    14  handlers.o(i.__scatterload_copy)
    __scatterload_null                       0x080026e3   Thumb Code     2  handlers.o(i.__scatterload_null)
    __scatterload_zeroinit                   0x080026e5   Thumb Code    14  handlers.o(i.__scatterload_zeroinit)
    delay_init                               0x08002f89   Thumb Code    50  delay.o(i.delay_init)
    delay_ms                                 0x08002fcd   Thumb Code    72  delay.o(i.delay_ms)
    fputc                                    0x08003019   Thumb Code    24  usart.o(i.fputc)
    main                                     0x08003035   Thumb Code   188  main.o(i.main)
    read_addr                                0x0800313d   Thumb Code     6  usmart.o(i.read_addr)
    usart_init                               0x08003145   Thumb Code   178  usart.o(i.usart_init)
    usmart_cmd_rec                           0x08003201   Thumb Code   170  usmart.o(i.usmart_cmd_rec)
    usmart_exe                               0x080032b1   Thumb Code   634  usmart.o(i.usmart_exe)
    usmart_get_aparm                         0x08003589   Thumb Code   200  usmart_str.o(i.usmart_get_aparm)
    usmart_get_cmdname                       0x08003651   Thumb Code    54  usmart_str.o(i.usmart_get_cmdname)
    usmart_get_fname                         0x08003689   Thumb Code   440  usmart_str.o(i.usmart_get_fname)
    usmart_get_fparam                        0x08003849   Thumb Code   262  usmart_str.o(i.usmart_get_fparam)
    usmart_get_parmpos                       0x08003955   Thumb Code    26  usmart_str.o(i.usmart_get_parmpos)
    usmart_get_runtime                       0x08003975   Thumb Code    58  usmart.o(i.usmart_get_runtime)
    usmart_init                              0x080039b5   Thumb Code    36  usmart.o(i.usmart_init)
    usmart_pow                               0x080039dd   Thumb Code    22  usmart_str.o(i.usmart_pow)
    usmart_reset_runtime                     0x080039f5   Thumb Code    34  usmart.o(i.usmart_reset_runtime)
    usmart_scan                              0x08003a1d   Thumb Code   120  usmart.o(i.usmart_scan)
    usmart_search_nextc                      0x08003ad9   Thumb Code    22  usmart_str.o(i.usmart_search_nextc)
    usmart_str2num                           0x08003aef   Thumb Code   202  usmart_str.o(i.usmart_str2num)
    usmart_strcmp                            0x08003bb9   Thumb Code    34  usmart_str.o(i.usmart_strcmp)
    usmart_strcopy                           0x08003bdb   Thumb Code    22  usmart_str.o(i.usmart_strcopy)
    usmart_strlen                            0x08003bf1   Thumb Code    24  usmart_str.o(i.usmart_strlen)
    usmart_sys_cmd_exe                       0x08003c09   Thumb Code  1554  usmart.o(i.usmart_sys_cmd_exe)
    write_addr                               0x080042ed   Thumb Code     4  usmart.o(i.write_addr)
    BAUD_id                                  0x080042f0   Data          36  nmea.o(.constdata)
    Region$$Table$$Base                      0x0800441c   Number         0  anon$$obj.o(Region$$Table)
    Region$$Table$$Limit                     0x0800443c   Number         0  anon$$obj.o(Region$$Table)
    GNSS_STATE                               0x20000000   Data           1  main.o(.data)
    LCD_DEBUG                                0x20000001   Data           8  main.o(.data)
    fixmode_tbl                              0x2000000c   Data          16  main.o(.data)
    SystemCoreClock                          0x2000001c   Data           4  system_stm32f10x.o(.data)
    AHBPrescTable                            0x20000020   Data          16  system_stm32f10x.o(.data)
    temp                                     0x20000030   Data           2  lcd.o(.data)
    USART3_RX_STA                            0x20000032   Data           2  usart3.o(.data)
    __stdout                                 0x20000038   Data           4  usart.o(.data)
    USART1_RX_STA                            0x2000003c   Data           2  usart.o(.data)
    sys_cmd_tab                              0x20000054   Data          28  usmart.o(.data)
    usmart_nametab                           0x20000070   Data          40  usmart_config.o(.data)
    usmart_dev                               0x20000098   Data         244  usmart_config.o(.data)
    USART1_TX_BUF                            0x2000018c   Data        1024  main.o(.bss)
    gpsx                                     0x2000058c   Data         166  main.o(.bss)
    dtbuf                                    0x20000634   Data          50  main.o(.bss)
    USART3_TX_BUF                            0x20000668   Data        1024  usart3.o(.bss)
    USART3_RX_BUF                            0x20000a68   Data        1024  usart3.o(.bss)
    USART1_RX_BUF                            0x20000e68   Data         200  usart.o(.bss)
    _SEGGER_RTT                              0x20000f30   Data         168  segger_rtt.o(.bss)
    __initial_sp                             0x200017e8   Data           0  startup_stm32f10x_hd.o(STACK)



==============================================================================

Memory Map of the image

  Image Entry point : 0x08000149

  Load Region LR_1 (Base: 0x08000000, Size: 0x000045c8, Max: 0xffffffff, ABSOLUTE, COMPRESSED[0x000044bc])

    Execution Region ER_RO (Exec base: 0x08000000, Load base: 0x08000000, Size: 0x0000443c, Max: 0xffffffff, ABSOLUTE)

    Exec Addr    Load Addr    Size         Type   Attr      Idx    E Section Name        Object

    0x08000000   0x08000000   0x00000130   Data   RO          929    RESET               startup_stm32f10x_hd.o
    0x08000130   0x08000130   0x00000000   Code   RO         4074  * .ARM.Collect$$$$00000000  mc_w.l(entry.o)
    0x08000130   0x08000130   0x00000004   Code   RO         4362    .ARM.Collect$$$$00000001  mc_w.l(entry2.o)
    0x08000134   0x08000134   0x00000004   Code   RO         4365    .ARM.Collect$$$$00000004  mc_w.l(entry5.o)
    0x08000138   0x08000138   0x00000000   Code   RO         4367    .ARM.Collect$$$$00000008  mc_w.l(entry7b.o)
    0x08000138   0x08000138   0x00000000   Code   RO         4369    .ARM.Collect$$$$0000000A  mc_w.l(entry8b.o)
    0x08000138   0x08000138   0x00000008   Code   RO         4370    .ARM.Collect$$$$0000000B  mc_w.l(entry9a.o)
    0x08000140   0x08000140   0x00000004   Code   RO         4377    .ARM.Collect$$$$0000000E  mc_w.l(entry12b.o)
    0x08000144   0x08000144   0x00000000   Code   RO         4372    .ARM.Collect$$$$0000000F  mc_w.l(entry10a.o)
    0x08000144   0x08000144   0x00000000   Code   RO         4374    .ARM.Collect$$$$00000011  mc_w.l(entry11a.o)
    0x08000144   0x08000144   0x00000004   Code   RO         4363    .ARM.Collect$$$$00002712  mc_w.l(entry2.o)
    0x08000148   0x08000148   0x00000024   Code   RO          930  * .text               startup_stm32f10x_hd.o
    0x0800016c   0x0800016c   0x00000024   Code   RO         4077    .text               mc_w.l(memcpya.o)
    0x08000190   0x08000190   0x00000024   Code   RO         4079    .text               mc_w.l(memseta.o)
    0x080001b4   0x080001b4   0x00000024   Code   RO         4081    .text               mc_w.l(strstr.o)
    0x080001d8   0x080001d8   0x00000012   Code   RO         4085    .text               mc_w.l(strcpy.o)
    0x080001ea   0x080001ea   0x000000b0   Code   RO         4350    .text               mf_w.l(fadd.o)
    0x0800029a   0x0800029a   0x00000064   Code   RO         4352    .text               mf_w.l(fmul.o)
    0x080002fe   0x080002fe   0x0000007c   Code   RO         4354    .text               mf_w.l(fdiv.o)
    0x0800037a   0x0800037a   0x0000000a   Code   RO         4356    .text               mf_w.l(ffltui.o)
    0x08000384   0x08000384   0x00000028   Code   RO         4358    .text               mf_w.l(ffixui.o)
    0x080003ac   0x080003ac   0x00000026   Code   RO         4360    .text               mf_w.l(f2d.o)
    0x080003d2   0x080003d2   0x0000002c   Code   RO         4378    .text               mc_w.l(uidiv.o)
    0x080003fe   0x080003fe   0x00000062   Code   RO         4380    .text               mc_w.l(uldiv.o)
    0x08000460   0x08000460   0x00000000   Code   RO         4382    .text               mc_w.l(iusefp.o)
    0x08000460   0x08000460   0x0000006e   Code   RO         4383    .text               mf_w.l(fepilogue.o)
    0x080004ce   0x080004ce   0x0000014e   Code   RO         4385    .text               mf_w.l(dadd.o)
    0x0800061c   0x0800061c   0x000000e4   Code   RO         4387    .text               mf_w.l(dmul.o)
    0x08000700   0x08000700   0x000000de   Code   RO         4389    .text               mf_w.l(ddiv.o)
    0x080007de   0x080007de   0x00000030   Code   RO         4391    .text               mf_w.l(dfixul.o)
    0x0800080e   0x0800080e   0x00000002   PAD
    0x08000810   0x08000810   0x00000030   Code   RO         4393    .text               mf_w.l(cdrcmple.o)
    0x08000840   0x08000840   0x00000024   Code   RO         4395    .text               mc_w.l(init.o)
    0x08000864   0x08000864   0x0000001e   Code   RO         4397    .text               mc_w.l(llshl.o)
    0x08000882   0x08000882   0x00000020   Code   RO         4399    .text               mc_w.l(llushr.o)
    0x080008a2   0x080008a2   0x00000024   Code   RO         4401    .text               mc_w.l(llsshr.o)
    0x080008c6   0x080008c6   0x000000ba   Code   RO         4403    .text               mf_w.l(depilogue.o)
    0x08000980   0x08000980   0x00000056   Code   RO         4413    .text               mc_w.l(__dczerorl2.o)
    0x080009d6   0x080009d6   0x00000004   Code   RO          171    i.BusFault_Handler  stm32f10x_it.o
    0x080009da   0x080009da   0x00000002   PAD
    0x080009dc   0x080009dc   0x00000050   Code   RO          271    i.CheckBusy         lcd.o
    0x08000a2c   0x08000a2c   0x0000014c   Code   RO         2156    i.DMA_DeInit        stm32f10x_dma.o
    0x08000b78   0x08000b78   0x0000003c   Code   RO         2161    i.DMA_Init          stm32f10x_dma.o
    0x08000bb4   0x08000bb4   0x00000002   Code   RO          172    i.DebugMon_Handler  stm32f10x_it.o
    0x08000bb6   0x08000bb6   0x00000116   Code   RO          976    i.GPIO_Init         stm32f10x_gpio.o
    0x08000ccc   0x08000ccc   0x00000012   Code   RO          980    i.GPIO_ReadInputDataBit  stm32f10x_gpio.o
    0x08000cde   0x08000cde   0x00000004   Code   RO          984    i.GPIO_SetBits      stm32f10x_gpio.o
    0x08000ce2   0x08000ce2   0x00000004   Code   RO          986    i.GPIO_Write        stm32f10x_gpio.o
    0x08000ce6   0x08000ce6   0x00000010   Code   RO          342    i.GPS_Analysis      nmea.o
    0x08000cf6   0x08000cf6   0x00000002   PAD
    0x08000cf8   0x08000cf8   0x000000e8   Code   RO            1    i.Gps_Msg_Show      main.o
    0x08000de0   0x08000de0   0x00000004   Code   RO          173    i.HardFault_Handler  stm32f10x_it.o
    0x08000de4   0x08000de4   0x00000008   Code   RO          587    i.Init_Usart        usart.o
    0x08000dec   0x08000dec   0x00000064   Code   RO          272    i.LCD_IO_Init       lcd.o
    0x08000e50   0x08000e50   0x00000022   Code   RO          273    i.LCD_Init          lcd.o
    0x08000e72   0x08000e72   0x0000001e   Code   RO          274    i.LCD_Wmessage      lcd.o
    0x08000e90   0x08000e90   0x00000060   Code   RO          275    i.LCD_wcmd          lcd.o
    0x08000ef0   0x08000ef0   0x00000064   Code   RO          276    i.LCD_wdat          lcd.o
    0x08000f54   0x08000f54   0x00000050   Code   RO          520    i.LED_Init          led.o
    0x08000fa4   0x08000fa4   0x00000004   Code   RO          174    i.MemManage_Handler  stm32f10x_it.o
    0x08000fa8   0x08000fa8   0x00000224   Code   RO          344    i.NMEA_BDRMC_Analysis  nmea.o
    0x080011cc   0x080011cc   0x00000032   Code   RO          345    i.NMEA_Comma_Pos    nmea.o
    0x080011fe   0x080011fe   0x00000016   Code   RO          350    i.NMEA_Pow          nmea.o
    0x08001214   0x08001214   0x000000ea   Code   RO          351    i.NMEA_Str2num      nmea.o
    0x080012fe   0x080012fe   0x00000002   Code   RO          175    i.NMI_Handler       stm32f10x_it.o
    0x08001300   0x08001300   0x00000070   Code   RO          934    i.NVIC_Init         misc.o
    0x08001370   0x08001370   0x00000014   Code   RO          935    i.NVIC_PriorityGroupConfig  misc.o
    0x08001384   0x08001384   0x00000002   Code   RO          176    i.PendSV_Handler    stm32f10x_it.o
    0x08001386   0x08001386   0x00000002   PAD
    0x08001388   0x08001388   0x00000020   Code   RO         1109    i.RCC_AHBPeriphClockCmd  stm32f10x_rcc.o
    0x080013a8   0x080013a8   0x00000020   Code   RO         1110    i.RCC_APB1PeriphClockCmd  stm32f10x_rcc.o
    0x080013c8   0x080013c8   0x00000020   Code   RO         1111    i.RCC_APB1PeriphResetCmd  stm32f10x_rcc.o
    0x080013e8   0x080013e8   0x00000020   Code   RO         1112    i.RCC_APB2PeriphClockCmd  stm32f10x_rcc.o
    0x08001408   0x08001408   0x00000020   Code   RO         1113    i.RCC_APB2PeriphResetCmd  stm32f10x_rcc.o
    0x08001428   0x08001428   0x000000d4   Code   RO         1120    i.RCC_GetClocksFreq  stm32f10x_rcc.o
    0x080014fc   0x080014fc   0x00000008   Code   RO          656    i.SEGGER_RTT_Init   segger_rtt.o
    0x08001504   0x08001504   0x0000004c   Code   RO          671    i.SEGGER_RTT_Write  segger_rtt.o
    0x08001550   0x08001550   0x00000084   Code   RO          674    i.SEGGER_RTT_WriteNoLock  segger_rtt.o
    0x080015d4   0x080015d4   0x00000022   Code   RO          883    i.SEGGER_RTT_printf  segger_rtt_printf.o
    0x080015f6   0x080015f6   0x00000002   PAD
    0x080015f8   0x080015f8   0x00000220   Code   RO          884    i.SEGGER_RTT_vprintf  segger_rtt_printf.o
    0x08001818   0x08001818   0x00000002   Code   RO          177    i.SVC_Handler       stm32f10x_it.o
    0x0800181a   0x0800181a   0x00000008   Code   RO          234    i.SetSysClock       system_stm32f10x.o
    0x08001822   0x08001822   0x00000002   PAD
    0x08001824   0x08001824   0x000000e0   Code   RO          235    i.SetSysClockTo72   system_stm32f10x.o
    0x08001904   0x08001904   0x0000006c   Code   RO          352    i.SkyTra_Cfg_Ack_Check  nmea.o
    0x08001970   0x08001970   0x00000060   Code   RO          353    i.SkyTra_Cfg_Prt    nmea.o
    0x080019d0   0x080019d0   0x00000040   Code   RO          354    i.SkyTra_Cfg_Rate   nmea.o
    0x08001a10   0x08001a10   0x00000084   Code   RO          355    i.SkyTra_Cfg_Tp     nmea.o
    0x08001a94   0x08001a94   0x0000002c   Code   RO          356    i.SkyTra_Send_Date  nmea.o
    0x08001ac0   0x08001ac0   0x00000028   Code   RO          938    i.SysTick_CLKSourceConfig  misc.o
    0x08001ae8   0x08001ae8   0x00000002   Code   RO          178    i.SysTick_Handler   stm32f10x_it.o
    0x08001aea   0x08001aea   0x00000002   PAD
    0x08001aec   0x08001aec   0x00000060   Code   RO          237    i.SystemInit        system_stm32f10x.o
    0x08001b4c   0x08001b4c   0x00000038   Code   RO         3901    i.TIM2_IRQHandler   usmart.o
    0x08001b84   0x08001b84   0x00000030   Code   RO          459    i.TIM4_IRQHandler   usart3.o
    0x08001bb4   0x08001bb4   0x00000058   Code   RO          460    i.TIM4_Init         usart3.o
    0x08001c0c   0x08001c0c   0x00000028   Code   RO          461    i.TIM4_Set          usart3.o
    0x08001c34   0x08001c34   0x00000006   Code   RO         3310    i.TIM_ClearITPendingBit  stm32f10x_tim.o
    0x08001c3a   0x08001c3a   0x00000018   Code   RO         3315    i.TIM_Cmd           stm32f10x_tim.o
    0x08001c52   0x08001c52   0x00000022   Code   RO         3336    i.TIM_GetITStatus   stm32f10x_tim.o
    0x08001c74   0x08001c74   0x00000012   Code   RO         3340    i.TIM_ITConfig      stm32f10x_tim.o
    0x08001c86   0x08001c86   0x00000004   Code   RO         3380    i.TIM_SetCounter    stm32f10x_tim.o
    0x08001c8a   0x08001c8a   0x00000002   PAD
    0x08001c8c   0x08001c8c   0x000000a4   Code   RO         3386    i.TIM_TimeBaseInit  stm32f10x_tim.o
    0x08001d30   0x08001d30   0x0000005a   Code   RO         3902    i.Timer2_Init       usmart.o
    0x08001d8a   0x08001d8a   0x00000048   Code   RO          462    i.UART_DMA_Config   usart3.o
    0x08001dd2   0x08001dd2   0x00000002   PAD
    0x08001dd4   0x08001dd4   0x000001a4   Code   RO            2    i.USART1_IRQHandler  main.o
    0x08001f78   0x08001f78   0x00000064   Code   RO          464    i.USART3_IRQHandler  usart3.o
    0x08001fdc   0x08001fdc   0x000000e8   Code   RO          465    i.USART3_Init       usart3.o
    0x080020c4   0x080020c4   0x00000018   Code   RO         1312    i.USART_Cmd         stm32f10x_usart.o
    0x080020dc   0x080020dc   0x00000012   Code   RO         1313    i.USART_DMACmd      stm32f10x_usart.o
    0x080020ee   0x080020ee   0x00000002   PAD
    0x080020f0   0x080020f0   0x0000009c   Code   RO         1314    i.USART_DeInit      stm32f10x_usart.o
    0x0800218c   0x0800218c   0x00000054   Code   RO         1316    i.USART_GetITStatus  stm32f10x_usart.o
    0x080021e0   0x080021e0   0x0000004a   Code   RO         1318    i.USART_ITConfig    stm32f10x_usart.o
    0x0800222a   0x0800222a   0x00000002   PAD
    0x0800222c   0x0800222c   0x000000d8   Code   RO         1319    i.USART_Init        stm32f10x_usart.o
    0x08002304   0x08002304   0x0000000a   Code   RO         1326    i.USART_ReceiveData  stm32f10x_usart.o
    0x0800230e   0x0800230e   0x00000004   Code   RO          179    i.UsageFault_Handler  stm32f10x_it.o
    0x08002312   0x08002312   0x00000002   PAD
    0x08002314   0x08002314   0x00000070   Code   RO          678    i._DoInit           segger_rtt.o
    0x08002384   0x08002384   0x0000001c   Code   RO          679    i._GetAvailWriteSpace  segger_rtt.o
    0x080023a0   0x080023a0   0x000000ec   Code   RO          885    i._PrintInt         segger_rtt_printf.o
    0x0800248c   0x0800248c   0x000000ec   Code   RO          886    i._PrintUnsigned    segger_rtt_printf.o
    0x08002578   0x08002578   0x00000044   Code   RO          887    i._StoreChar        segger_rtt_printf.o
    0x080025bc   0x080025bc   0x00000076   Code   RO          681    i._WriteBlocking    segger_rtt.o
    0x08002632   0x08002632   0x00000058   Code   RO          682    i._WriteNoCheck     segger_rtt.o
    0x0800268a   0x0800268a   0x00000002   PAD
    0x0800268c   0x0800268c   0x00000020   Code   RO         4322    i.__0printf         mc_w.l(printfa.o)
    0x080026ac   0x080026ac   0x00000028   Code   RO         4324    i.__0sprintf        mc_w.l(printfa.o)
    0x080026d4   0x080026d4   0x0000000e   Code   RO         4407    i.__scatterload_copy  mc_w.l(handlers.o)
    0x080026e2   0x080026e2   0x00000002   Code   RO         4408    i.__scatterload_null  mc_w.l(handlers.o)
    0x080026e4   0x080026e4   0x0000000e   Code   RO         4409    i.__scatterload_zeroinit  mc_w.l(handlers.o)
    0x080026f2   0x080026f2   0x00000002   PAD
    0x080026f4   0x080026f4   0x00000184   Code   RO         4329    i._fp_digits        mc_w.l(printfa.o)
    0x08002878   0x08002878   0x000006b4   Code   RO         4330    i._printf_core      mc_w.l(printfa.o)
    0x08002f2c   0x08002f2c   0x00000024   Code   RO         4331    i._printf_post_padding  mc_w.l(printfa.o)
    0x08002f50   0x08002f50   0x0000002e   Code   RO         4332    i._printf_pre_padding  mc_w.l(printfa.o)
    0x08002f7e   0x08002f7e   0x0000000a   Code   RO         4334    i._sputc            mc_w.l(printfa.o)
    0x08002f88   0x08002f88   0x00000044   Code   RO          532    i.delay_init        delay.o
    0x08002fcc   0x08002fcc   0x0000004c   Code   RO          533    i.delay_ms          delay.o
    0x08003018   0x08003018   0x0000001c   Code   RO          592    i.fputc             usart.o
    0x08003034   0x08003034   0x00000108   Code   RO            3    i.main              main.o
    0x0800313c   0x0800313c   0x00000006   Code   RO         3903    i.read_addr         usmart.o
    0x08003142   0x08003142   0x00000002   PAD
    0x08003144   0x08003144   0x000000bc   Code   RO          593    i.usart_init        usart.o
    0x08003200   0x08003200   0x000000b0   Code   RO         3904    i.usmart_cmd_rec    usmart.o
    0x080032b0   0x080032b0   0x000002d8   Code   RO         3905    i.usmart_exe        usmart.o
    0x08003588   0x08003588   0x000000c8   Code   RO         4002    i.usmart_get_aparm  usmart_str.o
    0x08003650   0x08003650   0x00000036   Code   RO         4003    i.usmart_get_cmdname  usmart_str.o
    0x08003686   0x08003686   0x00000002   PAD
    0x08003688   0x08003688   0x000001c0   Code   RO         4004    i.usmart_get_fname  usmart_str.o
    0x08003848   0x08003848   0x0000010c   Code   RO         4005    i.usmart_get_fparam  usmart_str.o
    0x08003954   0x08003954   0x00000020   Code   RO         4006    i.usmart_get_parmpos  usmart_str.o
    0x08003974   0x08003974   0x00000040   Code   RO         3906    i.usmart_get_runtime  usmart.o
    0x080039b4   0x080039b4   0x00000028   Code   RO         3907    i.usmart_init       usmart.o
    0x080039dc   0x080039dc   0x00000016   Code   RO         4007    i.usmart_pow        usmart_str.o
    0x080039f2   0x080039f2   0x00000002   PAD
    0x080039f4   0x080039f4   0x00000028   Code   RO         3908    i.usmart_reset_runtime  usmart.o
    0x08003a1c   0x08003a1c   0x000000bc   Code   RO         3909    i.usmart_scan       usmart.o
    0x08003ad8   0x08003ad8   0x00000016   Code   RO         4008    i.usmart_search_nextc  usmart_str.o
    0x08003aee   0x08003aee   0x000000ca   Code   RO         4009    i.usmart_str2num    usmart_str.o
    0x08003bb8   0x08003bb8   0x00000022   Code   RO         4010    i.usmart_strcmp     usmart_str.o
    0x08003bda   0x08003bda   0x00000016   Code   RO         4011    i.usmart_strcopy    usmart_str.o
    0x08003bf0   0x08003bf0   0x00000018   Code   RO         4012    i.usmart_strlen     usmart_str.o
    0x08003c08   0x08003c08   0x000006e4   Code   RO         3910    i.usmart_sys_cmd_exe  usmart.o
    0x080042ec   0x080042ec   0x00000004   Code   RO         3911    i.write_addr        usmart.o
    0x080042f0   0x080042f0   0x00000024   Data   RO          357    .constdata          nmea.o
    0x08004314   0x08004314   0x00000021   Data   RO          684    .constdata          segger_rtt.o
    0x08004335   0x08004335   0x00000010   Data   RO          888    .constdata          segger_rtt_printf.o
    0x08004345   0x08004345   0x00000003   PAD
    0x08004348   0x08004348   0x00000015   Data   RO            5    .conststring        main.o
    0x0800435d   0x0800435d   0x00000003   PAD
    0x08004360   0x08004360   0x00000028   Data   RO         3912    .conststring        usmart.o
    0x08004388   0x08004388   0x00000094   Data   RO         3989    .conststring        usmart_config.o
    0x0800441c   0x0800441c   0x00000020   Data   RO         4405    Region$$Table       anon$$obj.o


    Execution Region ER_RW (Exec base: 0x20000000, Load base: 0x0800443c, Size: 0x0000018c, Max: 0xffffffff, ABSOLUTE, COMPRESSED[0x00000080])

    Exec Addr    Load Addr    Size         Type   Attr      Idx    E Section Name        Object

    0x20000000   COMPRESSED   0x0000001c   Data   RW            6    .data               main.o
    0x2000001c   COMPRESSED   0x00000014   Data   RW          238    .data               system_stm32f10x.o
    0x20000030   COMPRESSED   0x00000002   Data   RW          277    .data               lcd.o
    0x20000032   COMPRESSED   0x00000002   Data   RW          468    .data               usart3.o
    0x20000034   COMPRESSED   0x00000004   Data   RW          535    .data               delay.o
    0x20000038   COMPRESSED   0x00000006   Data   RW          595    .data               usart.o
    0x2000003e   COMPRESSED   0x00000014   Data   RW         1140    .data               stm32f10x_rcc.o
    0x20000052   COMPRESSED   0x00000002   PAD
    0x20000054   COMPRESSED   0x0000001c   Data   RW         3913    .data               usmart.o
    0x20000070   COMPRESSED   0x0000011c   Data   RW         3990    .data               usmart_config.o


    Execution Region ER_ZI (Exec base: 0x2000018c, Load base: 0x080044bc, Size: 0x0000165c, Max: 0xffffffff, ABSOLUTE)

    Exec Addr    Load Addr    Size         Type   Attr      Idx    E Section Name        Object

    0x2000018c        -       0x000004da   Zero   RW            4    .bss                main.o
    0x20000666   0x080044bc   0x00000002   PAD
    0x20000668        -       0x00000800   Zero   RW          467    .bss                usart3.o
    0x20000e68        -       0x000000c8   Zero   RW          594    .bss                usart.o
    0x20000f30        -       0x000004b8   Zero   RW          683    .bss                segger_rtt.o
    0x200013e8        -       0x00000400   Zero   RW          927    STACK               startup_stm32f10x_hd.o


==============================================================================

Image component sizes


      Code (inc. data)   RO Data    RW Data    ZI Data      Debug   Object Name

       144         22          0          4          0       1352   delay.o
       440         80          0          2          0     208937   lcd.o
        80          8          0          0          0        551   led.o
       916        322         21         28       1242     266970   main.o
       172         22          0          0          0       2257   misc.o
      1314         44         36          0          0       9783   nmea.o
       562         42         33          0       1208      10396   segger_rtt.o
      1118         14         16          0          0       5997   segger_rtt_printf.o
        36          8        304          0       1024        832   startup_stm32f10x_hd.o
       392          8          0          0          0       3032   stm32f10x_dma.o
       304          0          0          0          0       3908   stm32f10x_gpio.o
        26          0          0          0          0       4162   stm32f10x_it.o
       372         50          0         20          0       6552   stm32f10x_rcc.o
       250         42          0          0          0       4443   stm32f10x_tim.o
       582         28          0          0          0       6612   stm32f10x_usart.o
         0          0          0          0          0         32   sys.o
       328         28          0         20          0       2337   system_stm32f10x.o
       224         14          0          6        200       3764   usart.o
       580         58          0          2       2048       4837   usart3.o
      3156       1316         40         28          0       8206   usmart.o
         0          0        148        284          0       1768   usmart_config.o
      1328         20          0          0          0       9077   usmart_str.o

    ----------------------------------------------------------------------
     12354       2126        636        396       5724     565805   Object Totals
         0          0         32          0          0          0   (incl. Generated)
        30          0          6          2          2          0   (incl. Padding)

    ----------------------------------------------------------------------

      Code (inc. data)   RO Data    RW Data    ZI Data      Debug   Library Member Name

        86          0          0          0          0          0   __dczerorl2.o
         0          0          0          0          0          0   entry.o
         0          0          0          0          0          0   entry10a.o
         0          0          0          0          0          0   entry11a.o
         4          0          0          0          0          0   entry12b.o
         8          4          0          0          0          0   entry2.o
         4          0          0          0          0          0   entry5.o
         0          0          0          0          0          0   entry7b.o
         0          0          0          0          0          0   entry8b.o
         8          4          0          0          0          0   entry9a.o
        30          0          0          0          0          0   handlers.o
        36          8          0          0          0         68   init.o
         0          0          0          0          0          0   iusefp.o
        30          0          0          0          0         68   llshl.o
        36          0          0          0          0         68   llsshr.o
        32          0          0          0          0         68   llushr.o
        36          0          0          0          0         68   memcpya.o
        36          0          0          0          0        108   memseta.o
      2268         96          0          0          0        616   printfa.o
        18          0          0          0          0         68   strcpy.o
        36          0          0          0          0         80   strstr.o
        44          0          0          0          0         80   uidiv.o
        98          0          0          0          0         92   uldiv.o
        48          0          0          0          0         68   cdrcmple.o
       334          0          0          0          0        148   dadd.o
       222          0          0          0          0        100   ddiv.o
       186          0          0          0          0        176   depilogue.o
        48          0          0          0          0         68   dfixul.o
       228          0          0          0          0         96   dmul.o
        38          0          0          0          0         68   f2d.o
       176          0          0          0          0        140   fadd.o
       124          0          0          0          0         88   fdiv.o
       110          0          0          0          0        168   fepilogue.o
        40          0          0          0          0         68   ffixui.o
        10          0          0          0          0         68   ffltui.o
       100          0          0          0          0         76   fmul.o

    ----------------------------------------------------------------------
      4478        112          0          0          0       2716   Library Totals
         4          0          0          0          0          0   (incl. Padding)

    ----------------------------------------------------------------------

      Code (inc. data)   RO Data    RW Data    ZI Data      Debug   Library Name

      2810        112          0          0          0       1384   mc_w.l
      1664          0          0          0          0       1332   mf_w.l

    ----------------------------------------------------------------------
      4478        112          0          0          0       2716   Library Totals

    ----------------------------------------------------------------------

==============================================================================


      Code (inc. data)   RO Data    RW Data    ZI Data      Debug   

     16832       2238        636        396       5724     562045   Grand Totals
     16832       2238        636        128       5724     562045   ELF Image Totals (compressed)
     16832       2238        636        128          0          0   ROM Totals

==============================================================================

    Total RO  Size (Code + RO Data)                17468 (  17.06kB)
    Total RW  Size (RW Data + ZI Data)              6120 (   5.98kB)
    Total ROM Size (Code + RO Data + RW Data)      17596 (  17.18kB)

==============================================================================

